Component: ARM Compiler 5.06 update 7 (build 960) Tool: armlink [4d3601]

==============================================================================

Section Cross References

    startup_stm32f103xe.o(RESET) refers to startup_stm32f103xe.o(STACK) for __initial_sp
    startup_stm32f103xe.o(RESET) refers to startup_stm32f103xe.o(.text) for Reset_Handler
    startup_stm32f103xe.o(RESET) refers to stm32f1xx_it.o(i.NMI_Handler) for NMI_Handler
    startup_stm32f103xe.o(RESET) refers to stm32f1xx_it.o(i.HardFault_Handler) for HardFault_Handler
    startup_stm32f103xe.o(RESET) refers to stm32f1xx_it.o(i.MemManage_Handler) for MemManage_Handler
    startup_stm32f103xe.o(RESET) refers to stm32f1xx_it.o(i.BusFault_Handler) for BusFault_Handler
    startup_stm32f103xe.o(RESET) refers to stm32f1xx_it.o(i.UsageFault_Handler) for UsageFault_Handler
    startup_stm32f103xe.o(RESET) refers to port.o(.emb_text) for SVC_Handler
    startup_stm32f103xe.o(RESET) refers to stm32f1xx_it.o(i.DebugMon_Handler) for DebugMon_Handler
    startup_stm32f103xe.o(RESET) refers to port.o(i.SysTick_Handler) for SysTick_Handler
    startup_stm32f103xe.o(RESET) refers to stm32f1xx_it.o(i.USART1_IRQHandler) for USART1_IRQHandler
    startup_stm32f103xe.o(RESET) refers to stm32f1xx_it.o(i.USART2_IRQHandler) for USART2_IRQHandler
    startup_stm32f103xe.o(RESET) refers to stm32f1xx_it.o(i.TIM6_IRQHandler) for TIM6_IRQHandler
    startup_stm32f103xe.o(.text) refers to system_stm32f1xx.o(i.SystemInit) for SystemInit
    startup_stm32f103xe.o(.text) refers to entry.o(.ARM.Collect$$$$00000000) for __main
    main.o(i.HAL_TIM_PeriodElapsedCallback) refers to stm32f1xx_hal.o(i.HAL_IncTick) for HAL_IncTick
    main.o(i.SystemClock_Config) refers to memseta.o(.text) for __aeabi_memclr4
    main.o(i.SystemClock_Config) refers to stm32f1xx_hal_rcc.o(i.HAL_RCC_OscConfig) for HAL_RCC_OscConfig
    main.o(i.SystemClock_Config) refers to stm32f1xx_hal_rcc.o(i.HAL_RCC_ClockConfig) for HAL_RCC_ClockConfig
    main.o(i.SystemClock_Config) refers to stm32f1xx_hal_rcc_ex.o(i.HAL_RCCEx_PeriphCLKConfig) for HAL_RCCEx_PeriphCLKConfig
    main.o(i.main) refers to stm32f1xx_hal.o(i.HAL_Init) for HAL_Init
    main.o(i.main) refers to main.o(i.SystemClock_Config) for SystemClock_Config
    main.o(i.main) refers to gpio.o(i.MX_GPIO_Init) for MX_GPIO_Init
    main.o(i.main) refers to adc.o(i.MX_ADC1_Init) for MX_ADC1_Init
    main.o(i.main) refers to adc.o(i.MX_ADC2_Init) for MX_ADC2_Init
    main.o(i.main) refers to tim.o(i.MX_TIM2_Init) for MX_TIM2_Init
    main.o(i.main) refers to tim.o(i.MX_TIM3_Init) for MX_TIM3_Init
    main.o(i.main) refers to tim.o(i.MX_TIM4_Init) for MX_TIM4_Init
    main.o(i.main) refers to tim.o(i.MX_TIM5_Init) for MX_TIM5_Init
    main.o(i.main) refers to tim.o(i.MX_TIM8_Init) for MX_TIM8_Init
    main.o(i.main) refers to usart.o(i.MX_USART1_UART_Init) for MX_USART1_UART_Init
    main.o(i.main) refers to usart.o(i.MX_USART2_UART_Init) for MX_USART2_UART_Init
    main.o(i.main) refers to bsp_other.o(i.Buddha_Bless) for Buddha_Bless
    main.o(i.main) refers to bsp_log.o(i.Log_Init) for Log_Init
    main.o(i.main) refers to bsp_motor.o(i.Motor_Init) for Motor_Init
    main.o(i.main) refers to bsp_encoder.o(i.Encoder_Init) for Encoder_Init
    main.o(i.main) refers to bsp_usart.o(i.USART_Init) for USART_Init
    main.o(i.main) refers to freertos.o(i.MX_FREERTOS_Init) for MX_FREERTOS_Init
    main.o(i.main) refers to cmsis_os.o(i.osKernelStart) for osKernelStart
    gpio.o(i.MX_GPIO_Init) refers to stm32f1xx_hal_gpio.o(i.HAL_GPIO_WritePin) for HAL_GPIO_WritePin
    gpio.o(i.MX_GPIO_Init) refers to stm32f1xx_hal_gpio.o(i.HAL_GPIO_Init) for HAL_GPIO_Init
    freertos.o(i.MX_FREERTOS_Init) refers to memcpya.o(.text) for __aeabi_memcpy4
    freertos.o(i.MX_FREERTOS_Init) refers to cmsis_os.o(i.osThreadCreate) for osThreadCreate
    freertos.o(i.MX_FREERTOS_Init) refers to freertos.o(.constdata) for .constdata
    freertos.o(i.MX_FREERTOS_Init) refers to freertos.o(.data) for .data
    freertos.o(i.StartDefaultTask) refers to cmsis_os.o(i.osDelay) for osDelay
    freertos.o(i.vApplicationGetIdleTaskMemory) refers to freertos.o(.bss) for .bss
    freertos.o(.constdata) refers to freertos.o(.conststring) for .conststring
    freertos.o(.constdata) refers to freertos.o(i.StartDefaultTask) for StartDefaultTask
    freertos.o(.constdata) refers to freertos.o(.bss) for defaultTaskBuffer
    freertos.o(.constdata) refers to freertos.o(.bss) for defaultTaskControlBlock
    freertos.o(.constdata) refers to vin_task.o(i.vin_task) for vin_task
    freertos.o(.constdata) refers to pi_task.o(i.pi_task) for pi_task
    freertos.o(.constdata) refers to move_task.o(i.move_task) for move_task
    freertos.o(.constdata) refers to imu_task.o(i.imu_task) for imu_task
    freertos.o(.constdata) refers to led_task.o(i.led_task) for led_task
    freertos.o(.constdata) refers to cmd_task.o(i.cmd_task) for cmd_task
[...]
    IIC_Stop                                 0x08003a59   Thumb Code    54  bsp_iic.o(i.IIC_Stop)
    IIC_Wait_Ack                             0x08003a99   Thumb Code    78  bsp_iic.o(i.IIC_Wait_Ack)
    Key_Scan                                 0x08003af1   Thumb Code   178  bsp_key.o(i.Key_Scan)
    Kinematics_Forward                       0x08003bed   Thumb Code   694  bsp_kinematics.o(i.Kinematics_Forward)
    Kinematics_Init                          0x08003ec9   Thumb Code   112  bsp_kinematics.o(i.Kinematics_Init)
    Kinematics_Inverse                       0x08003f4d   Thumb Code   254  bsp_kinematics.o(i.Kinematics_Inverse)
    LED_Init                                 0x0800405d   Thumb Code    44  bsp_led.o(i.LED_Init)
    Log_Init                                 0x080040c1   Thumb Code    86  bsp_log.o(i.Log_Init)
    MOTOR_SetSpeed                           0x080042fd   Thumb Code    82  bsp_motor.o(i.MOTOR_SetSpeed)
    MPU6050_DMP_GetData                      0x08004389   Thumb Code   478  bsp_imu.o(i.MPU6050_DMP_GetData)
    MPU6050_DMP_Init                         0x08004575   Thumb Code   258  bsp_imu.o(i.MPU6050_DMP_Init)
    MPU6050_Init                             0x080047b5   Thumb Code   194  bsp_imu.o(i.MPU6050_Init)
    MPU6050_Read_Len                         0x080048f5   Thumb Code   108  bsp_imu.o(i.MPU6050_Read_Len)
    MPU6050_SetAccelRange                    0x08004961   Thumb Code    10  bsp_imu.o(i.MPU6050_SetAccelRange)
    MPU6050_SetDLPF                          0x0800496b   Thumb Code    48  bsp_imu.o(i.MPU6050_SetDLPF)
    MPU6050_SetGyroRange                     0x0800499b   Thumb Code    10  bsp_imu.o(i.MPU6050_SetGyroRange)
    MPU6050_SetSmplRate                      0x080049a5   Thumb Code    48  bsp_imu.o(i.MPU6050_SetSmplRate)
    MPU6050_Write_Len                        0x080049e5   Thumb Code    82  bsp_imu.o(i.MPU6050_Write_Len)
    MX_ADC1_Init                             0x08004a39   Thumb Code    70  adc.o(i.MX_ADC1_Init)
    MX_ADC2_Init                             0x08004a89   Thumb Code    70  adc.o(i.MX_ADC2_Init)
    MX_FREERTOS_Init                         0x08004ad9   Thumb Code   206  freertos.o(i.MX_FREERTOS_Init)
    MX_GPIO_Init                             0x08004bb1   Thumb Code   252  gpio.o(i.MX_GPIO_Init)
    MX_TIM2_Init                             0x08004cc1   Thumb Code   100  tim.o(i.MX_TIM2_Init)
    MX_TIM3_Init                             0x08004d29   Thumb Code    98  tim.o(i.MX_TIM3_Init)
    MX_TIM4_Init                             0x08004d95   Thumb Code    98  tim.o(i.MX_TIM4_Init)
    MX_TIM5_Init                             0x08004e01   Thumb Code    98  tim.o(i.MX_TIM5_Init)
    MX_TIM8_Init                             0x08004e6d   Thumb Code   240  tim.o(i.MX_TIM8_Init)
    MX_USART1_UART_Init                      0x08004f65   Thumb Code    48  usart.o(i.MX_USART1_UART_Init)
    MX_USART2_UART_Init                      0x08004f9d   Thumb Code    48  usart.o(i.MX_USART2_UART_Init)
    MemManage_Handler                        0x08004fd5   Thumb Code     2  stm32f1xx_it.o(i.MemManage_Handler)
    Motor_Init                               0x08004fd9   Thumb Code    66  bsp_motor.o(i.Motor_Init)
    NMI_Handler                              0x0800505d   Thumb Code     2  stm32f1xx_it.o(i.NMI_Handler)
    PID_Motor_Control                        0x08005061   Thumb Code   206  bsp_pid.o(i.PID_Motor_Control)
    StartDefaultTask                         0x0800513d   Thumb Code     8  freertos.o(i.StartDefaultTask)
    SysTick_Handler                          0x08005145   Thumb Code    38  port.o(i.SysTick_Handler)
    SystemClock_Config                       0x08005171   Thumb Code   122  main.o(i.SystemClock_Config)
    SystemInit                               0x080051eb   Thumb Code     2  system_stm32f1xx.o(i.SystemInit)
    TIM6_IRQHandler                          0x080051ed   Thumb Code     6  stm32f1xx_it.o(i.TIM6_IRQHandler)
    TIM_Base_SetConfig                       0x080051f9   Thumb Code   120  stm32f1xx_hal_tim.o(i.TIM_Base_SetConfig)
    TIM_CCxChannelCmd                        0x08005285   Thumb Code    26  stm32f1xx_hal_tim.o(i.TIM_CCxChannelCmd)
    TIM_ETR_SetConfig                        0x0800529f   Thumb Code    20  stm32f1xx_hal_tim.o(i.TIM_ETR_SetConfig)
    TIM_OC2_SetConfig                        0x08005325   Thumb Code    98  stm32f1xx_hal_tim.o(i.TIM_OC2_SetConfig)
    UART_Start_Receive_IT                    0x0800563d   Thumb Code    54  stm32f1xx_hal_uart.o(i.UART_Start_Receive_IT)
    USART1_IRQHandler                        0x080056d9   Thumb Code     6  stm32f1xx_it.o(i.USART1_IRQHandler)
    USART2_IRQHandler                        0x080056e5   Thumb Code     6  stm32f1xx_it.o(i.USART2_IRQHandler)
    USART_Init                               0x080056f1   Thumb Code    48  bsp_usart.o(i.USART_Init)
    USART_Send_Pack                          0x08005765   Thumb Code   138  bsp_usart.o(i.USART_Send_Pack)
    UsageFault_Handler                       0x080057f9   Thumb Code     2  stm32f1xx_it.o(i.UsageFault_Handler)
    VIN_Init                                 0x080057fd   Thumb Code    28  bsp_vin.o(i.VIN_Init)
    __0printf                                0x08005849   Thumb Code    22  printfa.o(i.__0printf)
    __1printf                                0x08005849   Thumb Code     0  printfa.o(i.__0printf)
    __2printf                                0x08005849   Thumb Code     0  printfa.o(i.__0printf)
    __c89printf                              0x08005849   Thumb Code     0  printfa.o(i.__0printf)
    printf                                   0x08005849   Thumb Code     0  printfa.o(i.__0printf)
    __0snprintf                              0x08005869   Thumb Code    48  printfa.o(i.__0snprintf)
    __1snprintf                              0x08005869   Thumb Code     0  printfa.o(i.__0snprintf)
    __2snprintf                              0x08005869   Thumb Code     0  printfa.o(i.__0snprintf)
    __c89snprintf                            0x08005869   Thumb Code     0  printfa.o(i.__0snprintf)
    snprintf                                 0x08005869   Thumb Code     0  printfa.o(i.__0snprintf)
    __0vsnprintf                             0x0800589d   Thumb Code    46  printfa.o(i.__0vsnprintf)
    __1vsnprintf                             0x0800589d   Thumb Code     0  printfa.o(i.__0vsnprintf)
    __2vsnprintf                             0x0800589d   Thumb Code     0  printfa.o(i.__0vsnprintf)
    __c89vsnprintf                           0x0800589d   Thumb Code     0  printfa.o(i.__0vsnprintf)
    vsnprintf                                0x0800589d   Thumb Code     0  printfa.o(i.__0vsnprintf)
    __ARM_fpclassify                         0x080058d1   Thumb Code    40  fpclassify.o(i.__ARM_fpclassify)
    __aeabi_errno_addr                       0x08005919   Thumb Code     4  errno.o(i.__aeabi_errno_addr)
    __rt_errno_addr                          0x08005919   Thumb Code     0  errno.o(i.__aeabi_errno_addr)
    __ieee754_rem_pio2                       0x08005921   Thumb Code   828  rred.o(i.__ieee754_rem_pio2)
    __kernel_cos                             0x08005ca9   Thumb Code   230  cos_i.o(i.__kernel_cos)
    __kernel_poly                            0x08005da5   Thumb Code   170  poly.o(i.__kernel_poly)
    __kernel_sin                             0x08005e51   Thumb Code   224  sin_i.o(i.__kernel_sin)
    __mathlib_dbl_infnan                     0x08005f3d   Thumb Code     6  dunder.o(i.__mathlib_dbl_infnan)
    __mathlib_dbl_infnan2                    0x08005f43   Thumb Code     4  dunder.o(i.__mathlib_dbl_infnan2)
    __mathlib_dbl_invalid                    0x08005f47   Thumb Code    12  dunder.o(i.__mathlib_dbl_invalid)
    __mathlib_dbl_underflow                  0x08005f55   Thumb Code    10  dunder.o(i.__mathlib_dbl_underflow)
    __read_errno                             0x08005f65   Thumb Code     6  errno.o(i.__read_errno)
    __scatterload_copy                       0x08005f71   Thumb Code    14  handlers.o(i.__scatterload_copy)
    __scatterload_null                       0x08005f7f   Thumb Code     2  handlers.o(i.__scatterload_null)
    __scatterload_zeroinit                   0x08005f81   Thumb Code    14  handlers.o(i.__scatterload_zeroinit)
    __set_errno                              0x08005f91   Thumb Code     6  errno.o(i.__set_errno)
    _is_digit                                0x08006121   Thumb Code    14  scanf_fp.o(i._is_digit)
    adcx_get_chx_value                       0x080068cd   Thumb Code    54  bsp_vin.o(i.adcx_get_chx_value)
    adcx_get_chx_value_average               0x08006909   Thumb Code    60  bsp_vin.o(i.adcx_get_chx_value_average)
    asin                                     0x08006945   Thumb Code   572  asin.o(i.asin)
    atan                                     0x08006bb5   Thumb Code   474  atan.o(i.atan)
    atan2                                    0x08006dd5   Thumb Code   374  atan2.o(i.atan2)
    atof                                     0x08006f71   Thumb Code    42  atof.o(i.atof)
    cmd                                      0x08006f9d   Thumb Code   252  bsp_cmd.o(i.cmd)
    cmd_task                                 0x08007155   Thumb Code    12  cmd_task.o(i.cmd_task)
    cos                                      0x08007161   Thumb Code   148  cos.o(i.cos)
    debug_off                                0x080071fd   Thumb Code    18  bsp_cmd.o(i.debug_off)
    debug_on                                 0x08007241   Thumb Code    18  bsp_cmd.o(i.debug_on)
    dmp_enable_6x_lp_quat                    0x08007285   Thumb Code    58  inv_mpu_dmp_motion_driver.o(i.dmp_enable_6x_lp_quat)
    dmp_enable_feature                       0x080072c1   Thumb Code   464  inv_mpu_dmp_motion_driver.o(i.dmp_enable_feature)
    dmp_enable_gyro_cal                      0x08007499   Thumb Code    34  inv_mpu_dmp_motion_driver.o(i.dmp_enable_gyro_cal)
    dmp_enable_lp_quat                       0x080074d5   Thumb Code    58  inv_mpu_dmp_motion_driver.o(i.dmp_enable_lp_quat)
    dmp_load_motion_driver_firmware          0x08007511   Thumb Code    16  inv_mpu_dmp_motion_driver.o(i.dmp_load_motion_driver_firmware)
    dmp_read_fifo                            0x08007525   Thumb Code   352  inv_mpu_dmp_motion_driver.o(i.dmp_read_fifo)
    dmp_set_accel_bias                       0x08007689   Thumb Code   210  inv_mpu_dmp_motion_driver.o(i.dmp_set_accel_bias)
    dmp_set_fifo_rate                        0x08007761   Thumb Code    82  inv_mpu_dmp_motion_driver.o(i.dmp_set_fifo_rate)
    dmp_set_gyro_bias                        0x080077c5   Thumb Code   196  inv_mpu_dmp_motion_driver.o(i.dmp_set_gyro_bias)
    dmp_set_orientation                      0x08007891   Thumb Code   246  inv_mpu_dmp_motion_driver.o(i.dmp_set_orientation)
    dmp_set_shake_reject_thresh              0x0800799d   Thumb Code    48  inv_mpu_dmp_motion_driver.o(i.dmp_set_shake_reject_thresh)
    dmp_set_shake_reject_time                0x080079cd   Thumb Code    32  inv_mpu_dmp_motion_driver.o(i.dmp_set_shake_reject_time)
    dmp_set_shake_reject_timeout             0x080079ed   Thumb Code    32  inv_mpu_dmp_motion_driver.o(i.dmp_set_shake_reject_timeout)
    dmp_set_tap_axes                         0x08007a0d   Thumb Code    64  inv_mpu_dmp_motion_driver.o(i.dmp_set_tap_axes)
    dmp_set_tap_count                        0x08007a4d   Thumb Code    34  inv_mpu_dmp_motion_driver.o(i.dmp_set_tap_count)
    dmp_set_tap_thresh                       0x08007a71   Thumb Code   274  inv_mpu_dmp_motion_driver.o(i.dmp_set_tap_thresh)
    dmp_set_tap_time                         0x08007b99   Thumb Code    32  inv_mpu_dmp_motion_driver.o(i.dmp_set_tap_time)
    dmp_set_tap_time_multi                   0x08007bb9   Thumb Code    32  inv_mpu_dmp_motion_driver.o(i.dmp_set_tap_time_multi)
    elog_get_filter_tag_lvl                  0x08007bd9   Thumb Code   130  elog.o(i.elog_get_filter_tag_lvl)
    elog_init                                0x08007cc9   Thumb Code    96  elog.o(i.elog_init)
    elog_output                              0x08007d2d   Thumb Code   664  elog.o(i.elog_output)
    elog_output_lock                         0x0800805d   Thumb Code    28  elog.o(i.elog_output_lock)
    elog_output_lock_enabled                 0x0800807d   Thumb Code    40  elog.o(i.elog_output_lock_enabled)
    elog_output_unlock                       0x080080a9   Thumb Code    28  elog.o(i.elog_output_unlock)
    elog_port_get_p_info                     0x080080c9   Thumb Code     4  elog_port.o(i.elog_port_get_p_info)
    elog_port_get_t_info                     0x080080d1   Thumb Code     6  elog_port.o(i.elog_port_get_t_info)
    elog_port_get_time                       0x080080d9   Thumb Code     4  elog_port.o(i.elog_port_get_time)
    elog_port_init                           0x080080e1   Thumb Code    22  elog_port.o(i.elog_port_init)
    elog_port_output                         0x080080fd   Thumb Code     8  elog_port.o(i.elog_port_output)
    elog_port_output_lock                    0x0800810d   Thumb Code    12  elog_port.o(i.elog_port_output_lock)
    elog_port_output_unlock                  0x0800811d   Thumb Code    14  elog_port.o(i.elog_port_output_unlock)
    elog_set_filter_lvl                      0x08008131   Thumb Code    64  elog.o(i.elog_set_filter_lvl)
    elog_set_fmt                             0x080081e5   Thumb Code    72  elog.o(i.elog_set_fmt)
    elog_start                               0x080082a1   Thumb Code    42  elog.o(i.elog_start)
    elog_strcpy                              0x0800832d   Thumb Code   148  elog_utils.o(i.elog_strcpy)
    encoder_value                            0x08008421   Thumb Code    70  bsp_cmd.o(i.encoder_value)
    fputc                                    0x0800848d   Thumb Code    20  bsp_usart.o(i.fputc)
    free                                     0x080084a5   Thumb Code    76  malloc.o(i.free)
    get_battery_voltage                      0x080085a1   Thumb Code    40  bsp_vin.o(i.get_battery_voltage)
    help                                     0x08008a81   Thumb Code    84  bsp_cmd.o(i.help)
    imu_task                                 0x08008ce9   Thumb Code    18  imu_task.o(i.imu_task)
    init_vrefint_reciprocal                  0x08008d01   Thumb Code   194  bsp_vin.o(i.init_vrefint_reciprocal)
    key_task                                 0x08008eb1   Thumb Code    12  key_task.o(i.key_task)
    led_task                                 0x08008ebd   Thumb Code   182  led_task.o(i.led_task)
    main                                     0x08008f81   Thumb Code    78  main.o(i.main)
    malloc                                   0x08008fdd   Thumb Code    92  malloc.o(i.malloc)
    move_task                                0x08009049   Thumb Code   380  move_task.o(i.move_task)
    mpu_configure_fifo                       0x080091d5   Thumb Code    78  inv_mpu.o(i.mpu_configure_fifo)
    mpu_get_accel_fsr                        0x08009229   Thumb Code    54  inv_mpu.o(i.mpu_get_accel_fsr)
    mpu_get_accel_sens                       0x08009265   Thumb Code    62  inv_mpu.o(i.mpu_get_accel_sens)
    mpu_get_gyro_fsr                         0x080092a9   Thumb Code    48  inv_mpu.o(i.mpu_get_gyro_fsr)
    mpu_get_gyro_sens                        0x080092dd   Thumb Code    44  inv_mpu.o(i.mpu_get_gyro_sens)
    mpu_get_lpf                              0x0800931d   Thumb Code    52  inv_mpu.o(i.mpu_get_lpf)
    mpu_get_sample_rate                      0x08009355   Thumb Code    22  inv_mpu.o(i.mpu_get_sample_rate)
    mpu_init                                 0x08009371   Thumb Code   364  inv_mpu.o(i.mpu_init)
    mpu_load_firmware                        0x08009555   Thumb Code   154  inv_mpu.o(i.mpu_load_firmware)
    mpu_lp_accel_mode                        0x080095f5   Thumb Code   178  inv_mpu.o(i.mpu_lp_accel_mode)
    mpu_read_fifo_stream                     0x080096ad   Thumb Code   140  inv_mpu.o(i.mpu_read_fifo_stream)
    mpu_read_mem                             0x0800973d   Thumb Code    80  inv_mpu.o(i.mpu_read_mem)
    mpu_reset_fifo                           0x08009791   Thumb Code   346  inv_mpu.o(i.mpu_reset_fifo)
    mpu_run_self_test                        0x080098f1   Thumb Code   234  inv_mpu.o(i.mpu_run_self_test)
    mpu_set_accel_fsr                        0x080099e1   Thumb Code    98  inv_mpu.o(i.mpu_set_accel_fsr)
    mpu_set_bypass                           0x08009a49   Thumb Code   214  inv_mpu.o(i.mpu_set_bypass)
    mpu_set_dmp_state                        0x08009b25   Thumb Code   114  inv_mpu.o(i.mpu_set_dmp_state)
    mpu_set_gyro_fsr                         0x08009b9d   Thumb Code   104  inv_mpu.o(i.mpu_set_gyro_fsr)
    mpu_set_int_latched                      0x08009c09   Thumb Code    94  inv_mpu.o(i.mpu_set_int_latched)
    mpu_set_lpf                              0x08009c6d   Thumb Code   102  inv_mpu.o(i.mpu_set_lpf)
    mpu_set_sample_rate                      0x08009cd9   Thumb Code   124  inv_mpu.o(i.mpu_set_sample_rate)
    mpu_set_sensors                          0x08009d59   Thumb Code   178  inv_mpu.o(i.mpu_set_sensors)
    mpu_write_mem                            0x08009e11   Thumb Code    80  inv_mpu.o(i.mpu_write_mem)
    myget_ms                                 0x08009e65   Thumb Code     2  inv_mpu.o(i.myget_ms)
    osDelay                                  0x08009e67   Thumb Code    14  cmsis_os.o(i.osDelay)
    osKernelStart                            0x08009e75   Thumb Code    10  cmsis_os.o(i.osKernelStart)
    osThreadCreate                           0x08009e7f   Thumb Code    84  cmsis_os.o(i.osThreadCreate)
    other_task                               0x08009ed3   Thumb Code    12  other_task.o(i.other_task)
    pcTaskGetName                            0x08009ee1   Thumb Code    28  tasks.o(i.pcTaskGetName)
    pi_task                                  0x08009f01   Thumb Code    12  pi_task.o(i.pi_task)
    pvPortMalloc                             0x0800a36d   Thumb Code   210  heap_4.o(i.pvPortMalloc)
    pvTaskIncrementMutexHeldCount            0x0800a445   Thumb Code    18  tasks.o(i.pvTaskIncrementMutexHeldCount)
    pxPortInitialiseStack                    0x0800a45d   Thumb Code    32  port.o(i.pxPortInitialiseStack)
    reboot                                   0x0800a481   Thumb Code    16  bsp_cmd.o(i.reboot)
    send_to_pi                               0x0800a51d   Thumb Code   136  pi_task.o(i.send_to_pi)
    set_pid                                  0x0800a61d   Thumb Code    78  bsp_cmd.o(i.set_pid)
    set_speed                                0x0800a6ad   Thumb Code   252  bsp_cmd.o(i.set_speed)
    show_battery                             0x0800a825   Thumb Code    76  bsp_cmd.o(i.show_battery)
    show_battery_once                        0x0800a895   Thumb Code    24  bsp_cmd.o(i.show_battery_once)
    show_imu                                 0x0800a8c1   Thumb Code    76  bsp_cmd.o(i.show_imu)
    show_send_to_pi                          0x0800a945   Thumb Code    84  bsp_cmd.o(i.show_send_to_pi)
    sin                                      0x0800a9bd   Thumb Code   150  sin.o(i.sin)
    split                                    0x0800aa5d   Thumb Code    70  bsp_cmd.o(i.split)
    sqrt                                     0x0800aaa3   Thumb Code    76  sqrt.o(i.sqrt)
    uxListRemove                             0x0800aaef   Thumb Code    38  list.o(i.uxListRemove)
    vApplicationGetIdleTaskMemory            0x0800ab15   Thumb Code    16  freertos.o(i.vApplicationGetIdleTaskMemory)
    vListInitialise                          0x0800ab29   Thumb Code    22  list.o(i.vListInitialise)
    vListInitialiseItem                      0x0800ab3f   Thumb Code     6  list.o(i.vListInitialiseItem)
    vListInsert                              0x0800ab45   Thumb Code    48  list.o(i.vListInsert)
    vListInsertEnd                           0x0800ab75   Thumb Code    24  list.o(i.vListInsertEnd)
    vPortEnterCritical                       0x0800ab8d   Thumb Code    54  port.o(i.vPortEnterCritical)
    vPortExitCritical                        0x0800abcd   Thumb Code    34  port.o(i.vPortExitCritical)
    vPortFree                                0x0800abf5   Thumb Code    88  heap_4.o(i.vPortFree)
    vPortSetupTimerInterrupt                 0x0800ac51   Thumb Code    32  port.o(i.vPortSetupTimerInterrupt)
    vTaskDelay                               0x0800ac75   Thumb Code    66  tasks.o(i.vTaskDelay)
    vTaskInternalSetTimeOutState             0x0800acc1   Thumb Code    12  tasks.o(i.vTaskInternalSetTimeOutState)
    vTaskMissedYield                         0x0800acd1   Thumb Code     8  tasks.o(i.vTaskMissedYield)
    vTaskPlaceOnEventList                    0x0800acdd   Thumb Code    44  tasks.o(i.vTaskPlaceOnEventList)
    vTaskPriorityDisinheritAfterTimeout      0x0800ad0d   Thumb Code   160  tasks.o(i.vTaskPriorityDisinheritAfterTimeout)
    vTaskStartScheduler                      0x0800adb5   Thumb Code    90  tasks.o(i.vTaskStartScheduler)
    vTaskSuspendAll                          0x0800ae21   Thumb Code    10  tasks.o(i.vTaskSuspendAll)
    vTaskSwitchContext                       0x0800ae31   Thumb Code    82  tasks.o(i.vTaskSwitchContext)
    vin_task                                 0x0800ae8d   Thumb Code   154  vin_task.o(i.vin_task)
    xPortStartScheduler                      0x0800af91   Thumb Code   154  port.o(i.xPortStartScheduler)
    xQueueCreateMutex                        0x0800b039   Thumb Code    22  queue.o(i.xQueueCreateMutex)
    xQueueGenericCreate                      0x0800b04f   Thumb Code    72  queue.o(i.xQueueGenericCreate)
    xQueueGenericReset                       0x0800b099   Thumb Code   132  queue.o(i.xQueueGenericReset)
    xQueueGenericSend                        0x0800b121   Thumb Code   346  queue.o(i.xQueueGenericSend)
    xQueueSemaphoreTake                      0x0800b281   Thumb Code   372  queue.o(i.xQueueSemaphoreTake)
    xTaskCheckForTimeOut                     0x0800b3f9   Thumb Code   112  tasks.o(i.xTaskCheckForTimeOut)
    xTaskCreate                              0x0800b46d   Thumb Code    90  tasks.o(i.xTaskCreate)
    xTaskCreateStatic                        0x0800b4c7   Thumb Code    86  tasks.o(i.xTaskCreateStatic)
    xTaskGetSchedulerState                   0x0800b51d   Thumb Code    22  tasks.o(i.xTaskGetSchedulerState)
    xTaskIncrementTick                       0x0800b539   Thumb Code   192  tasks.o(i.xTaskIncrementTick)
    xTaskPriorityDisinherit                  0x0800b601   Thumb Code   144  tasks.o(i.xTaskPriorityDisinherit)
    xTaskPriorityInherit                     0x0800b699   Thumb Code   138  tasks.o(i.xTaskPriorityInherit)
    xTaskRemoveFromEventList                 0x0800b72d   Thumb Code   108  tasks.o(i.xTaskRemoveFromEventList)
    xTaskResumeAll                           0x0800b7a1   Thumb Code   182  tasks.o(i.xTaskResumeAll)
    AHBPrescTable                            0x0800b960   Data          16  system_stm32f1xx.o(.constdata)
    APBPrescTable                            0x0800b970   Data           8  system_stm32f1xx.o(.constdata)
    HEAD                                     0x0800ba22   Data           2  bsp_usart.o(.constdata)
    reg                                      0x0800ba50   Data          27  inv_mpu.o(.constdata)
    hw                                       0x0800ba6c   Data          12  inv_mpu.o(.constdata)
    test                                     0x0800ba78   Data          40  inv_mpu.o(.constdata)
    __mathlib_zero                           0x0800c8b0   Data           8  qnan.o(.constdata)
    __ctype_table                            0x0800c9a8   Data         129  ctype_o.o(.constdata)
    Region$$Table$$Base                      0x0800cc10   Number         0  anon$$obj.o(Region$$Table)
    Region$$Table$$Limit                     0x0800cc30   Number         0  anon$$obj.o(Region$$Table)
    defaultTaskHandle                        0x20000000   Data           4  freertos.o(.data)
    VINHandle                                0x20000004   Data           4  freertos.o(.data)
    PIHandle                                 0x20000008   Data           4  freertos.o(.data)
    MOVEHandle                               0x2000000c   Data           4  freertos.o(.data)
    IMUHandle                                0x20000010   Data           4  freertos.o(.data)
    LEDHandle                                0x20000014   Data           4  freertos.o(.data)
    CMDHandle                                0x20000018   Data           4  freertos.o(.data)
    KEYHandle                                0x2000001c   Data           4  freertos.o(.data)
    OTHERHandle                              0x20000020   Data           4  freertos.o(.data)
    uwTickFreq                               0x20000024   Data           1  stm32f1xx_hal.o(.data)
    uwTickPrio                               0x20000028   Data           4  stm32f1xx_hal.o(.data)
    uwTick                                   0x2000002c   Data           4  stm32f1xx_hal.o(.data)
    SystemCoreClock                          0x20000030   Data           4  system_stm32f1xx.o(.data)
    pxCurrentTCB                             0x20000034   Data           4  tasks.o(.data)
    encoder_delta_target                     0x20000094   Data           8  move_task.o(.data)
    encoder                                  0x2000009c   Data           8  move_task.o(.data)
    encoder_delta                            0x200000a4   Data           8  move_task.o(.data)
    motor_pwm                                0x200000ac   Data           8  move_task.o(.data)
    battery_status                           0x200000b4   Data           4  vin_task.o(.data)
    battery_voltage                          0x200000b8   Data           4  vin_task.o(.data)
    CMD_Buffer_Count                         0x200000bc   Data           4  bsp_cmd.o(.data)
    CMD_Flag                                 0x200000c0   Data           4  bsp_cmd.o(.data)
    pitch                                    0x200000c4   Data           4  bsp_imu.o(.data)
    roll                                     0x200000c8   Data           4  bsp_imu.o(.data)
    yaw                                      0x200000cc   Data           4  bsp_imu.o(.data)
    key1_state                               0x200000dc   Data           4  bsp_key.o(.data)
    key2_state                               0x200000e0   Data           4  bsp_key.o(.data)
    rx_plus_ry_cali                          0x200000e8   Data           4  bsp_kinematics.o(.data)
    pulse_per_meter                          0x200000f0   Data           8  bsp_kinematics.o(.data)
    linear_correction_factor                 0x200000f8   Data           8  bsp_kinematics.o(.data)
    angular_correction_factor                0x20000100   Data           8  bsp_kinematics.o(.data)
    motor_kp                                 0x20000110   Data           2  bsp_pid.o(.data)
    motor_ki                                 0x20000112   Data           2  bsp_pid.o(.data)
    motor_kd                                 0x20000114   Data           2  bsp_pid.o(.data)
    USART_Debug_RX_Buffer                    0x20000120   Data           1  bsp_usart.o(.data)
    USART_Robot_RX_Buffer                    0x20000121   Data           1  bsp_usart.o(.data)
    ch_r                                     0x20000122   Data           1  bsp_usart.o(.data)
    SendUnion                                0x20000124   Data           2  bsp_usart.o(.data)
    ReceiveUnion                             0x20000126   Data           2  bsp_usart.o(.data)
    robot_params                             0x20000128   Data           4  bsp_usart.o(.data)
    robot_target_speed                       0x20000130   Data           6  bsp_usart.o(.data)
    voltage_vrefint_proportion               0x20000138   Data           4  bsp_vin.o(.data)
    elog_assert_hook                         0x2000016c   Data           4  elog.o(.data)
    __stdout                                 0x2000018c   Data           4  stdout.o(.data)
    __microlib_freelist                      0x20000190   Data           4  mvars.o(.data)
    __microlib_freelist_initialised          0x20000194   Data           4  mvars.o(.data)
    defaultTaskBuffer                        0x2000019c   Data         512  freertos.o(.bss)
    defaultTaskControlBlock                  0x2000039c   Data          84  freertos.o(.bss)
    hadc1                                    0x20000644   Data          48  adc.o(.bss)
    hadc2                                    0x20000674   Data          48  adc.o(.bss)
    htim2                                    0x200006a4   Data          72  tim.o(.bss)
    htim3                                    0x200006ec   Data          72  tim.o(.bss)
    htim4                                    0x20000734   Data          72  tim.o(.bss)
    htim5                                    0x2000077c   Data          72  tim.o(.bss)
    htim8                                    0x200007c4   Data          72  tim.o(.bss)
    huart1                                   0x2000080c   Data          68  usart.o(.bss)
    huart2                                   0x20000850   Data          68  usart.o(.bss)
    htim6                                    0x20000894   Data          72  stm32f1xx_hal_timebase_tim.o(.bss)
    robot_imu_dmp_data                       0x200030dc   Data          18  imu_task.o(.bss)
    SendData                                 0x200030ee   Data          48  pi_task.o(.bss)
    CMD_Buffer                               0x2000311e   Data          50  bsp_cmd.o(.bss)
    robot_odom                               0x20003150   Data          12  bsp_kinematics.o(.bss)
    encoder_sum_current                      0x2000315c   Data          16  bsp_kinematics.o(.bss)
    wheel_turns                              0x2000316c   Data          16  bsp_kinematics.o(.bss)
    MessageData                              0x200031f8   Data         510  bsp_usart.o(.bss)
    __heap_base                              0x20003a10   Data           0  startup_stm32f103xe.o(HEAP)
    __heap_limit                             0x20003c10   Data           0  startup_stm32f103xe.o(HEAP)
    __initial_sp                             0x20004010   Data           0  startup_stm32f103xe.o(STACK)



==============================================================================

Memory Map of the image

  Image Entry point : 0x08000131

  Load Region LR_IROM1 (Base: 0x08000000, Size: 0x0000cdcc, Max: 0x00080000, ABSOLUTE, COMPRESSED[0x0000cc84])

    Execution Region ER_IROM1 (Exec base: 0x08000000, Load base: 0x08000000, Size: 0x0000cc30, Max: 0x00080000, ABSOLUTE)

    Exec Addr    Load Addr    Size         Type   Attr      Idx    E Section Name        Object

    0x08000000   0x08000000   0x00000130   Data   RO            3    RESET               startup_stm32f103xe.o
    0x08000130   0x08000130   0x00000000   Code   RO         6587  * .ARM.Collect$$$$00000000  mc_w.l(entry.o)
    0x08000130   0x08000130   0x00000004   Code   RO         7000    .ARM.Collect$$$$00000001  mc_w.l(entry2.o)
    0x08000134   0x08000134   0x00000004   Code   RO         7003    .ARM.Collect$$$$00000004  mc_w.l(entry5.o)
    0x08000138   0x08000138   0x00000000   Code   RO         7005    .ARM.Collect$$$$00000008  mc_w.l(entry7b.o)
    0x08000138   0x08000138   0x00000000   Code   RO         7007    .ARM.Collect$$$$0000000A  mc_w.l(entry8b.o)
    0x08000138   0x08000138   0x00000008   Code   RO         7008    .ARM.Collect$$$$0000000B  mc_w.l(entry9a.o)
    0x08000140   0x08000140   0x00000004   Code   RO         7015    .ARM.Collect$$$$0000000E  mc_w.l(entry12b.o)
    0x08000144   0x08000144   0x00000000   Code   RO         7010    .ARM.Collect$$$$0000000F  mc_w.l(entry10a.o)
    0x08000144   0x08000144   0x00000000   Code   RO         7012    .ARM.Collect$$$$00000011  mc_w.l(entry11a.o)
    0x08000144   0x08000144   0x00000004   Code   RO         7001    .ARM.Collect$$$$00002712  mc_w.l(entry2.o)
    0x08000148   0x08000148   0x00000096   Code   RO         4503    .emb_text           port.o
    0x080001de   0x080001de   0x00000002   PAD
    0x080001e0   0x080001e0   0x00000024   Code   RO            4    .text               startup_stm32f103xe.o
    0x08000204   0x08000204   0x00000062   Code   RO         6590    .text               mc_w.l(ldiv.o)
    0x08000266   0x08000266   0x00000020   Code   RO         6592    .text               mc_w.l(llushr.o)
    0x08000286   0x08000286   0x00000024   Code   RO         6594    .text               mc_w.l(memcpya.o)
    0x080002aa   0x080002aa   0x00000024   Code   RO         6598    .text               mc_w.l(memseta.o)
    0x080002ce   0x080002ce   0x00000024   Code   RO         6600    .text               mc_w.l(strstr.o)
    0x080002f2   0x080002f2   0x0000000e   Code   RO         6604    .text               mc_w.l(strlen.o)
    0x08000300   0x08000300   0x0000001c   Code   RO         6606    .text               mc_w.l(strcmp.o)
    0x0800031c   0x0800031c   0x0000001a   Code   RO         6610    .text               mc_w.l(memcmp.o)
    0x08000336   0x08000336   0x0000001e   Code   RO         6612    .text               mc_w.l(strncmp.o)
    0x08000354   0x08000354   0x00000044   Code   RO         6614    .text               mc_w.l(strtok.o)
    0x08000398   0x08000398   0x0000001a   Code   RO         6911    .text               mc_w.l(atoi.o)
    0x080003b2   0x080003b2   0x000000b0   Code   RO         6913    .text               mf_w.l(fadd.o)
    0x08000462   0x08000462   0x00000064   Code   RO         6915    .text               mf_w.l(fmul.o)
    0x080004c6   0x080004c6   0x0000007c   Code   RO         6917    .text               mf_w.l(fdiv.o)
    0x08000542   0x08000542   0x00000018   Code   RO         6919    .text               mf_w.l(fscalb.o)
    0x0800055a   0x0800055a   0x0000014e   Code   RO         6921    .text               mf_w.l(dadd.o)
    0x080006a8   0x080006a8   0x000000e4   Code   RO         6923    .text               mf_w.l(dmul.o)
    0x0800078c   0x0800078c   0x000000de   Code   RO         6925    .text               mf_w.l(ddiv.o)
    0x0800086a   0x0800086a   0x0000002e   Code   RO         6927    .text               mf_w.l(dscalb.o)
    0x08000898   0x08000898   0x00000012   Code   RO         6929    .text               mf_w.l(fflti.o)
    0x080008aa   0x080008aa   0x0000000a   Code   RO         6931    .text               mf_w.l(ffltui.o)
    0x080008b4   0x080008b4   0x00000022   Code   RO         6933    .text               mf_w.l(dflti.o)
    0x080008d6   0x080008d6   0x00000032   Code   RO         6935    .text               mf_w.l(ffixi.o)
    0x08000908   0x08000908   0x00000028   Code   RO         6937    .text               mf_w.l(ffixui.o)
    0x08000930   0x08000930   0x0000003e   Code   RO         6939    .text               mf_w.l(dfixi.o)
    0x0800096e   0x0800096e   0x00000026   Code   RO         6941    .text               mf_w.l(f2d.o)
    0x08000994   0x08000994   0x00000030   Code   RO         6943    .text               mf_w.l(cdcmple.o)
    0x080009c4   0x080009c4   0x00000030   Code   RO         6945    .text               mf_w.l(cdrcmple.o)
    0x080009f4   0x080009f4   0x00000038   Code   RO         6947    .text               mf_w.l(d2f.o)
    0x08000a2c   0x08000a2c   0x0000002c   Code   RO         7017    .text               mc_w.l(uidiv.o)
    0x08000a58   0x08000a58   0x00000062   Code   RO         7019    .text               mc_w.l(uldiv.o)
    0x08000aba   0x08000aba   0x0000001e   Code   RO         7021    .text               mc_w.l(llshl.o)
    0x08000ad8   0x08000ad8   0x00000024   Code   RO         7023    .text               mc_w.l(llsshr.o)
    0x08000afc   0x08000afc   0x0000009c   Code   RO         7034    .text               mc_w.l(strtod.o)
    0x08000b98   0x08000b98   0x00000070   Code   RO         7036    .text               mc_w.l(strtol.o)
    0x08000c08   0x08000c08   0x00000000   Code   RO         7038    .text               mc_w.l(iusefp.o)
    0x08000c08   0x08000c08   0x0000006e   Code   RO         7039    .text               mf_w.l(fepilogue.o)
    0x08000c76   0x08000c76   0x000000ba   Code   RO         7041    .text               mf_w.l(depilogue.o)
    0x08000d30   0x08000d30   0x00000030   Code   RO         7043    .text               mf_w.l(dfixul.o)
    0x08000d60   0x08000d60   0x00000024   Code   RO         7045    .text               mc_w.l(init.o)
    0x08000d84   0x08000d84   0x00000008   Code   RO         7049    .text               mc_w.l(ctype_o.o)
    0x08000d8c   0x08000d8c   0x00000012   Code   RO         7071    .text               mc_w.l(isspace_o.o)
    0x08000d9e   0x08000d9e   0x00000002   PAD
    0x08000da0   0x08000da0   0x00000360   Code   RO         7077    .text               mc_w.l(scanf_fp.o)
    0x08001100   0x08001100   0x00000040   Code   RO         7081    .text               mc_w.l(_sgetc.o)
    0x08001140   0x08001140   0x0000009e   Code   RO         7083    .text               mc_w.l(_strtoul.o)
    0x080011de   0x080011de   0x000000a2   Code   RO         7085    .text               mf_w.l(dsqrt.o)
    0x08001280   0x08001280   0x0000001a   Code   RO         7087    .text               mf_w.l(dfltui.o)
    0x0800129a   0x0800129a   0x0000001c   Code   RO         7092    .text               mc_w.l(_chval.o)
    0x080012b6   0x080012b6   0x00000018   Code   RO         7094    .text               mf_w.l(dfltul.o)
    0x080012ce   0x080012ce   0x00000056   Code   RO         7104    .text               mc_w.l(__dczerorl2.o)
    0x08001324   0x08001324   0x00000056   Code   RO          697    i.ADC_ConversionStop_Disable  stm32f1xx_hal_adc.o
    0x0800137a   0x0800137a   0x00000002   PAD
    0x0800137c   0x0800137c   0x0000007c   Code   RO          701    i.ADC_Enable        stm32f1xx_hal_adc.o
    0x080013f8   0x080013f8   0x000003d4   Code   RO         5538    i.Buddha_Bless      bsp_other.o
    0x080017cc   0x080017cc   0x00000002   Code   RO          522    i.BusFault_Handler  stm32f1xx_it.o
    0x080017ce   0x080017ce   0x00000002   PAD
    0x080017d0   0x080017d0   0x0000002e   Code   RO         5670    i.CalCrc            bsp_usart.o
    0x080017fe   0x080017fe   0x00000002   Code   RO          523    i.DebugMon_Handler  stm32f1xx_it.o
    0x08001800   0x08001800   0x0000008c   Code   RO         5074    i.Encoder_Get_Counter  bsp_encoder.o
    0x0800188c   0x0800188c   0x000000a8   Code   RO         5076    i.Encoder_Init      bsp_encoder.o
    0x08001934   0x08001934   0x00000084   Code   RO         5077    i.Encoder_Set_Counter  bsp_encoder.o
    0x080019b8   0x080019b8   0x00000004   Code   RO           13    i.Error_Handler     main.o
    0x080019bc   0x080019bc   0x000000fc   Code   RO          703    i.HAL_ADC_ConfigChannel  stm32f1xx_hal_adc.o
    0x08001ab8   0x08001ab8   0x00000006   Code   RO          710    i.HAL_ADC_GetValue  stm32f1xx_hal_adc.o
    0x08001abe   0x08001abe   0x00000002   PAD
    0x08001ac0   0x08001ac0   0x00000120   Code   RO          712    i.HAL_ADC_Init      stm32f1xx_hal_adc.o
    0x08001be0   0x08001be0   0x00000074   Code   RO          343    i.HAL_ADC_MspInit   adc.o
    0x08001c54   0x08001c54   0x0000013c   Code   RO          716    i.HAL_ADC_PollForConversion  stm32f1xx_hal_adc.o
    0x08001d90   0x08001d90   0x000000c0   Code   RO          718    i.HAL_ADC_Start     stm32f1xx_hal_adc.o
    0x08001e50   0x08001e50   0x00000046   Code   RO         1352    i.HAL_DMA_Abort     stm32f1xx_hal_dma.o
    0x08001e96   0x08001e96   0x00000002   PAD
    0x08001e98   0x08001e98   0x00000130   Code   RO         1353    i.HAL_DMA_Abort_IT  stm32f1xx_hal_dma.o
    0x08001fc8   0x08001fc8   0x000001f8   Code   RO         1288    i.HAL_GPIO_Init     stm32f1xx_hal_gpio.o
    0x080021c0   0x080021c0   0x0000000a   Code   RO         1290    i.HAL_GPIO_ReadPin  stm32f1xx_hal_gpio.o
    0x080021ca   0x080021ca   0x00000010   Code   RO         1291    i.HAL_GPIO_TogglePin  stm32f1xx_hal_gpio.o
    0x080021da   0x080021da   0x0000000a   Code   RO         1292    i.HAL_GPIO_WritePin  stm32f1xx_hal_gpio.o
    0x080021e4   0x080021e4   0x0000000c   Code   RO          984    i.HAL_GetTick       stm32f1xx_hal.o
    0x080021f0   0x080021f0   0x00000010   Code   RO          990    i.HAL_IncTick       stm32f1xx_hal.o
    0x08002200   0x08002200   0x00000024   Code   RO          991    i.HAL_Init          stm32f1xx_hal.o
    0x08002224   0x08002224   0x00000074   Code   RO          622    i.HAL_InitTick      stm32f1xx_hal_timebase_tim.o
    0x08002298   0x08002298   0x00000048   Code   RO          598    i.HAL_MspInit       stm32f1xx_hal_msp.o
    0x080022e0   0x080022e0   0x0000001a   Code   RO         1448    i.HAL_NVIC_EnableIRQ  stm32f1xx_hal_cortex.o
    0x080022fa   0x080022fa   0x00000002   PAD
    0x080022fc   0x080022fc   0x00000040   Code   RO         1454    i.HAL_NVIC_SetPriority  stm32f1xx_hal_cortex.o
    0x0800233c   0x0800233c   0x00000024   Code   RO         1455    i.HAL_NVIC_SetPriorityGrouping  stm32f1xx_hal_cortex.o
    0x08002360   0x08002360   0x000000d4   Code   RO         1250    i.HAL_RCCEx_GetPeriphCLKFreq  stm32f1xx_hal_rcc_ex.o
    0x08002434   0x08002434   0x000000ec   Code   RO         1251    i.HAL_RCCEx_PeriphCLKConfig  stm32f1xx_hal_rcc_ex.o
    0x08002520   0x08002520   0x0000012c   Code   RO         1148    i.HAL_RCC_ClockConfig  stm32f1xx_hal_rcc.o
    0x0800264c   0x0800264c   0x00000040   Code   RO         1152    i.HAL_RCC_GetClockConfig  stm32f1xx_hal_rcc.o
    0x0800268c   0x0800268c   0x00000020   Code   RO         1155    i.HAL_RCC_GetPCLK1Freq  stm32f1xx_hal_rcc.o
    0x080026ac   0x080026ac   0x00000020   Code   RO         1156    i.HAL_RCC_GetPCLK2Freq  stm32f1xx_hal_rcc.o
    0x080026cc   0x080026cc   0x0000006c   Code   RO         1157    i.HAL_RCC_GetSysClockFreq  stm32f1xx_hal_rcc.o
    0x08002738   0x08002738   0x00000320   Code   RO         1160    i.HAL_RCC_OscConfig  stm32f1xx_hal_rcc.o
    0x08002a58   0x08002a58   0x00000002   Code   RO         2654    i.HAL_TIMEx_BreakCallback  stm32f1xx_hal_tim_ex.o
    0x08002a5a   0x08002a5a   0x00000002   Code   RO         2655    i.HAL_TIMEx_CommutCallback  stm32f1xx_hal_tim_ex.o
    0x08002a5c   0x08002a5c   0x00000054   Code   RO         2657    i.HAL_TIMEx_ConfigBreakDeadTime  stm32f1xx_hal_tim_ex.o
    0x08002ab0   0x08002ab0   0x0000007c   Code   RO         2673    i.HAL_TIMEx_MasterConfigSynchronization  stm32f1xx_hal_tim_ex.o
    0x08002b2c   0x08002b2c   0x0000005a   Code   RO         1950    i.HAL_TIM_Base_Init  stm32f1xx_hal_tim.o
    0x08002b86   0x08002b86   0x00000002   PAD
    0x08002b88   0x08002b88   0x00000028   Code   RO          391    i.HAL_TIM_Base_MspInit  tim.o
    0x08002bb0   0x08002bb0   0x0000006c   Code   RO         1955    i.HAL_TIM_Base_Start_IT  stm32f1xx_hal_tim.o
    0x08002c1c   0x08002c1c   0x000000d6   Code   RO         1959    i.HAL_TIM_ConfigClockSource  stm32f1xx_hal_tim.o
    0x08002cf2   0x08002cf2   0x000000a4   Code   RO         1971    i.HAL_TIM_Encoder_Init  stm32f1xx_hal_tim.o
    0x08002d96   0x08002d96   0x00000002   PAD
    0x08002d98   0x08002d98   0x00000144   Code   RO          393    i.HAL_TIM_Encoder_MspInit  tim.o
    0x08002edc   0x08002edc   0x0000008e   Code   RO         1974    i.HAL_TIM_Encoder_Start  stm32f1xx_hal_tim.o
    0x08002f6a   0x08002f6a   0x00000002   Code   RO         1984    i.HAL_TIM_IC_CaptureCallback  stm32f1xx_hal_tim.o
    0x08002f6c   0x08002f6c   0x00000166   Code   RO         1998    i.HAL_TIM_IRQHandler  stm32f1xx_hal_tim.o
    0x080030d2   0x080030d2   0x00000002   PAD
    0x080030d4   0x080030d4   0x00000050   Code   RO          394    i.HAL_TIM_MspPostInit  tim.o
    0x08003124   0x08003124   0x00000002   Code   RO         2001    i.HAL_TIM_OC_DelayElapsedCallback  stm32f1xx_hal_tim.o
    0x08003126   0x08003126   0x000000c6   Code   RO         2022    i.HAL_TIM_PWM_ConfigChannel  stm32f1xx_hal_tim.o
    0x080031ec   0x080031ec   0x0000005a   Code   RO         2025    i.HAL_TIM_PWM_Init  stm32f1xx_hal_tim.o
    0x08003246   0x08003246   0x00000002   Code   RO         2027    i.HAL_TIM_PWM_MspInit  stm32f1xx_hal_tim.o
    0x08003248   0x08003248   0x00000002   Code   RO         2028    i.HAL_TIM_PWM_PulseFinishedCallback  stm32f1xx_hal_tim.o
    0x0800324a   0x0800324a   0x00000002   PAD
    0x0800324c   0x0800324c   0x000000b4   Code   RO         2030    i.HAL_TIM_PWM_Start  stm32f1xx_hal_tim.o
    0x08003300   0x08003300   0x00000014   Code   RO           14    i.HAL_TIM_PeriodElapsedCallback  main.o
    0x08003314   0x08003314   0x00000002   Code   RO         2041    i.HAL_TIM_TriggerCallback  stm32f1xx_hal_tim.o
    0x08003316   0x08003316   0x00000002   Code   RO         2932    i.HAL_UARTEx_RxEventCallback  stm32f1xx_hal_uart.o
    0x08003318   0x08003318   0x00000002   Code   RO         2946    i.HAL_UART_ErrorCallback  stm32f1xx_hal_uart.o
    0x0800331a   0x0800331a   0x00000002   PAD
    0x0800331c   0x0800331c   0x0000020c   Code   RO         2949    i.HAL_UART_IRQHandler  stm32f1xx_hal_uart.o
    0x08003528   0x08003528   0x00000062   Code   RO         2950    i.HAL_UART_Init     stm32f1xx_hal_uart.o
    0x0800358a   0x0800358a   0x00000002   PAD
    0x0800358c   0x0800358c   0x000000d8   Code   RO          475    i.HAL_UART_MspInit  usart.o
    0x08003664   0x08003664   0x0000002a   Code   RO         2955    i.HAL_UART_Receive_IT  stm32f1xx_hal_uart.o
    0x0800368e   0x0800368e   0x00000002   PAD
    0x08003690   0x08003690   0x00000198   Code   RO         5671    i.HAL_UART_RxCpltCallback  bsp_usart.o
    0x08003828   0x08003828   0x000000b2   Code   RO         2958    i.HAL_UART_Transmit  stm32f1xx_hal_uart.o
    0x080038da   0x080038da   0x00000002   Code   RO         2961    i.HAL_UART_TxCpltCallback  stm32f1xx_hal_uart.o
    0x080038dc   0x080038dc   0x00000002   Code   RO          524    i.HardFault_Handler  stm32f1xx_it.o
    0x080038de   0x080038de   0x00000002   PAD
    0x080038e0   0x080038e0   0x0000003c   Code   RO         5121    i.IIC_Ack           bsp_iic.o
    0x0800391c   0x0800391c   0x00000002   Code   RO         5122    i.IIC_Delay         bsp_iic.o
    0x0800391e   0x0800391e   0x00000002   PAD
    0x08003920   0x08003920   0x00000014   Code   RO         5123    i.IIC_Init          bsp_iic.o
    0x08003934   0x08003934   0x0000003c   Code   RO         5124    i.IIC_NAck          bsp_iic.o
    0x08003970   0x08003970   0x00000060   Code   RO         5125    i.IIC_Read_Byte     bsp_iic.o
    0x080039d0   0x080039d0   0x0000004c   Code   RO         5126    i.IIC_Send_Byte     bsp_iic.o
    0x08003a1c   0x08003a1c   0x0000003c   Code   RO         5127    i.IIC_Start         bsp_iic.o
    0x08003a58   0x08003a58   0x00000040   Code   RO         5128    i.IIC_Stop          bsp_iic.o
    0x08003a98   0x08003a98   0x00000058   Code   RO         5129    i.IIC_Wait_Ack      bsp_iic.o
    0x08003af0   0x08003af0   0x000000fc   Code   RO         5350    i.Key_Scan          bsp_key.o
    0x08003bec   0x08003bec   0x000002dc   Code   RO         5381    i.Kinematics_Forward  bsp_kinematics.o
    0x08003ec8   0x08003ec8   0x00000084   Code   RO         5382    i.Kinematics_Init   bsp_kinematics.o
    0x08003f4c   0x08003f4c   0x00000110   Code   RO         5383    i.Kinematics_Inverse  bsp_kinematics.o
    0x0800405c   0x0800405c   0x00000064   Code   RO         5425    i.LED_Init          bsp_led.o
    0x080040c0   0x080040c0   0x00000088   Code   RO         5450    i.Log_Init          bsp_log.o
    0x08004148   0x08004148   0x0000006c   Code   RO         5483    i.MOTOR1_SetSpeed   bsp_motor.o
    0x080041b4   0x080041b4   0x0000006c   Code   RO         5484    i.MOTOR2_SetSpeed   bsp_motor.o
    0x08004220   0x08004220   0x0000006c   Code   RO         5485    i.MOTOR3_SetSpeed   bsp_motor.o
    0x0800428c   0x0800428c   0x00000070   Code   RO         5486    i.MOTOR4_SetSpeed   bsp_motor.o
    0x080042fc   0x080042fc   0x0000008c   Code   RO         5487    i.MOTOR_SetSpeed    bsp_motor.o
    0x08004388   0x08004388   0x000001ec   Code   RO         5193    i.MPU6050_DMP_GetData  bsp_imu.o
    0x08004574   0x08004574   0x00000240   Code   RO         5194    i.MPU6050_DMP_Init  bsp_imu.o
    0x080047b4   0x080047b4   0x00000140   Code   RO         5204    i.MPU6050_Init      bsp_imu.o
    0x080048f4   0x080048f4   0x0000006c   Code   RO         5205    i.MPU6050_Read_Len  bsp_imu.o
    0x08004960   0x08004960   0x0000000a   Code   RO         5206    i.MPU6050_SetAccelRange  bsp_imu.o
    0x0800496a   0x0800496a   0x00000030   Code   RO         5207    i.MPU6050_SetDLPF   bsp_imu.o
    0x0800499a   0x0800499a   0x0000000a   Code   RO         5208    i.MPU6050_SetGyroRange  bsp_imu.o
    0x080049a4   0x080049a4   0x00000030   Code   RO         5209    i.MPU6050_SetSmplRate  bsp_imu.o
    0x080049d4   0x080049d4   0x00000010   Code   RO         5210    i.MPU6050_Write_Byte  bsp_imu.o
    0x080049e4   0x080049e4   0x00000052   Code   RO         5211    i.MPU6050_Write_Len  bsp_imu.o
    0x08004a36   0x08004a36   0x00000002   PAD
    0x08004a38   0x08004a38   0x00000050   Code   RO          344    i.MX_ADC1_Init      adc.o
    0x08004a88   0x08004a88   0x00000050   Code   RO          345    i.MX_ADC2_Init      adc.o
    0x08004ad8   0x08004ad8   0x000000d8   Code   RO          290    i.MX_FREERTOS_Init  freertos.o
    0x08004bb0   0x08004bb0   0x00000110   Code   RO          263    i.MX_GPIO_Init      gpio.o
    0x08004cc0   0x08004cc0   0x00000068   Code   RO          395    i.MX_TIM2_Init      tim.o
    0x08004d28   0x08004d28   0x0000006c   Code   RO          396    i.MX_TIM3_Init      tim.o
    0x08004d94   0x08004d94   0x0000006c   Code   RO          397    i.MX_TIM4_Init      tim.o
    0x08004e00   0x08004e00   0x0000006c   Code   RO          398    i.MX_TIM5_Init      tim.o
    0x08004e6c   0x08004e6c   0x000000f8   Code   RO          399    i.MX_TIM8_Init      tim.o
    0x08004f64   0x08004f64   0x00000038   Code   RO          476    i.MX_USART1_UART_Init  usart.o
    0x08004f9c   0x08004f9c   0x00000038   Code   RO          477    i.MX_USART2_UART_Init  usart.o
    0x08004fd4   0x08004fd4   0x00000002   Code   RO          525    i.MemManage_Handler  stm32f1xx_it.o
    0x08004fd6   0x08004fd6   0x00000002   PAD
    0x08004fd8   0x08004fd8   0x00000084   Code   RO         5488    i.Motor_Init        bsp_motor.o
    0x0800505c   0x0800505c   0x00000002   Code   RO          526    i.NMI_Handler       stm32f1xx_it.o
    0x0800505e   0x0800505e   0x00000002   PAD
    0x08005060   0x08005060   0x000000dc   Code   RO         5565    i.PID_Motor_Control  bsp_pid.o
    0x0800513c   0x0800513c   0x00000008   Code   RO          291    i.StartDefaultTask  freertos.o
    0x08005144   0x08005144   0x0000002c   Code   RO         4504    i.SysTick_Handler   port.o
    0x08005170   0x08005170   0x0000007a   Code   RO           15    i.SystemClock_Config  main.o
    0x080051ea   0x080051ea   0x00000002   Code   RO         3279    i.SystemInit        system_stm32f1xx.o
    0x080051ec   0x080051ec   0x0000000c   Code   RO          527    i.TIM6_IRQHandler   stm32f1xx_it.o
    0x080051f8   0x080051f8   0x0000008c   Code   RO         2043    i.TIM_Base_SetConfig  stm32f1xx_hal_tim.o
    0x08005284   0x08005284   0x0000001a   Code   RO         2044    i.TIM_CCxChannelCmd  stm32f1xx_hal_tim.o
    0x0800529e   0x0800529e   0x00000014   Code   RO         2054    i.TIM_ETR_SetConfig  stm32f1xx_hal_tim.o
    0x080052b2   0x080052b2   0x00000010   Code   RO         2055    i.TIM_ITRx_SetConfig  stm32f1xx_hal_tim.o
    0x080052c2   0x080052c2   0x00000002   PAD
    0x080052c4   0x080052c4   0x00000060   Code   RO         2056    i.TIM_OC1_SetConfig  stm32f1xx_hal_tim.o
    0x08005324   0x08005324   0x0000006c   Code   RO         2057    i.TIM_OC2_SetConfig  stm32f1xx_hal_tim.o
    0x08005390   0x08005390   0x00000068   Code   RO         2058    i.TIM_OC3_SetConfig  stm32f1xx_hal_tim.o
    0x080053f8   0x080053f8   0x00000050   Code   RO         2059    i.TIM_OC4_SetConfig  stm32f1xx_hal_tim.o
    0x08005448   0x08005448   0x00000022   Code   RO         2061    i.TIM_TI1_ConfigInputStage  stm32f1xx_hal_tim.o
    0x0800546a   0x0800546a   0x00000024   Code   RO         2063    i.TIM_TI2_ConfigInputStage  stm32f1xx_hal_tim.o
    0x0800548e   0x0800548e   0x00000010   Code   RO         2963    i.UART_DMAAbortOnError  stm32f1xx_hal_uart.o
    0x0800549e   0x0800549e   0x00000030   Code   RO         2973    i.UART_EndRxTransfer  stm32f1xx_hal_uart.o
    0x080054ce   0x080054ce   0x000000b6   Code   RO         2975    i.UART_Receive_IT   stm32f1xx_hal_uart.o
    0x08005584   0x08005584   0x000000b8   Code   RO         2976    i.UART_SetConfig    stm32f1xx_hal_uart.o
    0x0800563c   0x0800563c   0x00000036   Code   RO         2978    i.UART_Start_Receive_IT  stm32f1xx_hal_uart.o
    0x08005672   0x08005672   0x00000064   Code   RO         2979    i.UART_WaitOnFlagUntilTimeout  stm32f1xx_hal_uart.o
    0x080056d6   0x080056d6   0x00000002   PAD
    0x080056d8   0x080056d8   0x0000000c   Code   RO          528    i.USART1_IRQHandler  stm32f1xx_it.o
    0x080056e4   0x080056e4   0x0000000c   Code   RO          529    i.USART2_IRQHandler  stm32f1xx_it.o
    0x080056f0   0x080056f0   0x00000074   Code   RO         5672    i.USART_Init        bsp_usart.o
    0x08005764   0x08005764   0x00000094   Code   RO         5673    i.USART_Send_Pack   bsp_usart.o
    0x080057f8   0x080057f8   0x00000002   Code   RO          530    i.UsageFault_Handler  stm32f1xx_it.o
    0x080057fa   0x080057fa   0x00000002   PAD
    0x080057fc   0x080057fc   0x0000004c   Code   RO         5734    i.VIN_Init          bsp_vin.o
    0x08005848   0x08005848   0x00000020   Code   RO         6855    i.__0printf         mc_w.l(printfa.o)
    0x08005868   0x08005868   0x00000034   Code   RO         6856    i.__0snprintf       mc_w.l(printfa.o)
    0x0800589c   0x0800589c   0x00000034   Code   RO         6860    i.__0vsnprintf      mc_w.l(printfa.o)
    0x080058d0   0x080058d0   0x00000028   Code   RO         6976    i.__ARM_fpclassify  m_ws.l(fpclassify.o)
    0x080058f8   0x080058f8   0x00000020   Code   RO         1461    i.__NVIC_SetPriority  stm32f1xx_hal_cortex.o
    0x08005918   0x08005918   0x00000008   Code   RO         7027    i.__aeabi_errno_addr  mc_w.l(errno.o)
    0x08005920   0x08005920   0x00000388   Code   RO         6981    i.__ieee754_rem_pio2  m_ws.l(rred.o)
    0x08005ca8   0x08005ca8   0x000000fc   Code   RO         6959    i.__kernel_cos      m_ws.l(cos_i.o)
    0x08005da4   0x08005da4   0x000000aa   Code   RO         6978    i.__kernel_poly     m_ws.l(poly.o)
    0x08005e4e   0x08005e4e   0x00000002   PAD
    0x08005e50   0x08005e50   0x000000ec   Code   RO         6986    i.__kernel_sin      m_ws.l(sin_i.o)
    0x08005f3c   0x08005f3c   0x00000006   Code   RO         6963    i.__mathlib_dbl_infnan  m_ws.l(dunder.o)
    0x08005f42   0x08005f42   0x00000004   Code   RO         6964    i.__mathlib_dbl_infnan2  m_ws.l(dunder.o)
    0x08005f46   0x08005f46   0x0000000c   Code   RO         6965    i.__mathlib_dbl_invalid  m_ws.l(dunder.o)
    0x08005f52   0x08005f52   0x00000002   PAD
    0x08005f54   0x08005f54   0x00000010   Code   RO         6968    i.__mathlib_dbl_underflow  m_ws.l(dunder.o)
    0x08005f64   0x08005f64   0x0000000c   Code   RO         7028    i.__read_errno      mc_w.l(errno.o)
    0x08005f70   0x08005f70   0x0000000e   Code   RO         7098    i.__scatterload_copy  mc_w.l(handlers.o)
    0x08005f7e   0x08005f7e   0x00000002   Code   RO         7099    i.__scatterload_null  mc_w.l(handlers.o)
    0x08005f80   0x08005f80   0x0000000e   Code   RO         7100    i.__scatterload_zeroinit  mc_w.l(handlers.o)
    0x08005f8e   0x08005f8e   0x00000002   PAD
    0x08005f90   0x08005f90   0x0000000c   Code   RO         7029    i.__set_errno       mc_w.l(errno.o)
    0x08005f9c   0x08005f9c   0x00000184   Code   RO         6862    i._fp_digits        mc_w.l(printfa.o)
    0x08006120   0x08006120   0x0000000e   Code   RO         7079    i._is_digit         mc_w.l(scanf_fp.o)
    0x0800612e   0x0800612e   0x00000002   PAD
    0x08006130   0x08006130   0x000006b4   Code   RO         6863    i._printf_core      mc_w.l(printfa.o)
    0x080067e4   0x080067e4   0x00000024   Code   RO         6864    i._printf_post_padding  mc_w.l(printfa.o)
    0x08006808   0x08006808   0x0000002e   Code   RO         6865    i._printf_pre_padding  mc_w.l(printfa.o)
    0x08006836   0x08006836   0x00000016   Code   RO         6866    i._snputc           mc_w.l(printfa.o)
    0x0800684c   0x0800684c   0x00000080   Code   RO         5795    i.accel_self_test   inv_mpu.o
    0x080068cc   0x080068cc   0x0000003c   Code   RO         5735    i.adcx_get_chx_value  bsp_vin.o
    0x08006908   0x08006908   0x0000003c   Code   RO         5736    i.adcx_get_chx_value_average  bsp_vin.o
    0x08006944   0x08006944   0x00000270   Code   RO         6550    i.asin              m_ws.l(asin.o)
    0x08006bb4   0x08006bb4   0x00000220   Code   RO         6950    i.atan              m_ws.l(atan.o)
    0x08006dd4   0x08006dd4   0x0000019c   Code   RO         6560    i.atan2             m_ws.l(atan2.o)
    0x08006f70   0x08006f70   0x0000002a   Code   RO         6568    i.atof              m_ws.l(atof.o)
    0x08006f9a   0x08006f9a   0x00000002   PAD
    0x08006f9c   0x08006f9c   0x000001b8   Code   RO         4907    i.cmd               bsp_cmd.o
    0x08007154   0x08007154   0x0000000c   Code   RO         4583    i.cmd_task          cmd_task.o
    0x08007160   0x08007160   0x0000009c   Code   RO         6572    i.cos               m_ws.l(cos.o)
    0x080071fc   0x080071fc   0x00000044   Code   RO         4908    i.debug_off         bsp_cmd.o
    0x08007240   0x08007240   0x00000044   Code   RO         4909    i.debug_on          bsp_cmd.o
    0x08007284   0x08007284   0x0000003a   Code   RO         6124    i.dmp_enable_6x_lp_quat  inv_mpu_dmp_motion_driver.o
    0x080072be   0x080072be   0x00000002   PAD
    0x080072c0   0x080072c0   0x000001d8   Code   RO         6125    i.dmp_enable_feature  inv_mpu_dmp_motion_driver.o
    0x08007498   0x08007498   0x0000003c   Code   RO         6126    i.dmp_enable_gyro_cal  inv_mpu_dmp_motion_driver.o
    0x080074d4   0x080074d4   0x0000003a   Code   RO         6127    i.dmp_enable_lp_quat  inv_mpu_dmp_motion_driver.o
    0x0800750e   0x0800750e   0x00000002   PAD
    0x08007510   0x08007510   0x00000014   Code   RO         6132    i.dmp_load_motion_driver_firmware  inv_mpu_dmp_motion_driver.o
    0x08007524   0x08007524   0x00000164   Code   RO         6133    i.dmp_read_fifo     inv_mpu_dmp_motion_driver.o
    0x08007688   0x08007688   0x000000d8   Code   RO         6136    i.dmp_set_accel_bias  inv_mpu_dmp_motion_driver.o
    0x08007760   0x08007760   0x00000064   Code   RO         6137    i.dmp_set_fifo_rate  inv_mpu_dmp_motion_driver.o
    0x080077c4   0x080077c4   0x000000cc   Code   RO         6138    i.dmp_set_gyro_bias  inv_mpu_dmp_motion_driver.o
    0x08007890   0x08007890   0x0000010c   Code   RO         6140    i.dmp_set_orientation  inv_mpu_dmp_motion_driver.o
    0x0800799c   0x0800799c   0x00000030   Code   RO         6143    i.dmp_set_shake_reject_thresh  inv_mpu_dmp_motion_driver.o
    0x080079cc   0x080079cc   0x00000020   Code   RO         6144    i.dmp_set_shake_reject_time  inv_mpu_dmp_motion_driver.o
    0x080079ec   0x080079ec   0x00000020   Code   RO         6145    i.dmp_set_shake_reject_timeout  inv_mpu_dmp_motion_driver.o
    0x08007a0c   0x08007a0c   0x00000040   Code   RO         6146    i.dmp_set_tap_axes  inv_mpu_dmp_motion_driver.o
    0x08007a4c   0x08007a4c   0x00000022   Code   RO         6147    i.dmp_set_tap_count  inv_mpu_dmp_motion_driver.o
    0x08007a6e   0x08007a6e   0x00000002   PAD
    0x08007a70   0x08007a70   0x00000128   Code   RO         6148    i.dmp_set_tap_thresh  inv_mpu_dmp_motion_driver.o
    0x08007b98   0x08007b98   0x00000020   Code   RO         6149    i.dmp_set_tap_time  inv_mpu_dmp_motion_driver.o
    0x08007bb8   0x08007bb8   0x00000020   Code   RO         6150    i.dmp_set_tap_time_multi  inv_mpu_dmp_motion_driver.o
    0x08007bd8   0x08007bd8   0x000000f0   Code   RO         6373    i.elog_get_filter_tag_lvl  elog.o
    0x08007cc8   0x08007cc8   0x00000064   Code   RO         6376    i.elog_init         elog.o
    0x08007d2c   0x08007d2c   0x00000330   Code   RO         6377    i.elog_output       elog.o
    0x0800805c   0x0800805c   0x00000020   Code   RO         6378    i.elog_output_lock  elog.o
    0x0800807c   0x0800807c   0x0000002c   Code   RO         6379    i.elog_output_lock_enabled  elog.o
    0x080080a8   0x080080a8   0x00000020   Code   RO         6380    i.elog_output_unlock  elog.o
    0x080080c8   0x080080c8   0x00000008   Code   RO         6301    i.elog_port_get_p_info  elog_port.o
    0x080080d0   0x080080d0   0x00000006   Code   RO         6302    i.elog_port_get_t_info  elog_port.o
    0x080080d6   0x080080d6   0x00000002   PAD
    0x080080d8   0x080080d8   0x00000008   Code   RO         6303    i.elog_port_get_time  elog_port.o
    0x080080e0   0x080080e0   0x0000001c   Code   RO         6304    i.elog_port_init    elog_port.o
    0x080080fc   0x080080fc   0x00000010   Code   RO         6305    i.elog_port_output  elog_port.o
    0x0800810c   0x0800810c   0x00000010   Code   RO         6306    i.elog_port_output_lock  elog_port.o
    0x0800811c   0x0800811c   0x00000014   Code   RO         6307    i.elog_port_output_unlock  elog_port.o
    0x08008130   0x08008130   0x000000b4   Code   RO         6384    i.elog_set_filter_lvl  elog.o
    0x080081e4   0x080081e4   0x000000bc   Code   RO         6387    i.elog_set_fmt      elog.o
    0x080082a0   0x080082a0   0x0000008c   Code   RO         6389    i.elog_start        elog.o
    0x0800832c   0x0800832c   0x000000f4   Code   RO         6526    i.elog_strcpy       elog_utils.o
    0x08008420   0x08008420   0x0000006c   Code   RO         4910    i.encoder_value     bsp_cmd.o
    0x0800848c   0x0800848c   0x00000018   Code   RO         5675    i.fputc             bsp_usart.o
    0x080084a4   0x080084a4   0x00000050   Code   RO         6883    i.free              mc_w.l(malloc.o)
    0x080084f4   0x080084f4   0x000000ac   Code   RO         5796    i.get_accel_prod_shift  inv_mpu.o
    0x080085a0   0x080085a0   0x00000034   Code   RO         5737    i.get_battery_voltage  bsp_vin.o
    0x080085d4   0x080085d4   0x000000c4   Code   RO         6391    i.get_fmt_enabled   elog.o
    0x08008698   0x08008698   0x00000314   Code   RO         5797    i.get_st_biases     inv_mpu.o
    0x080089ac   0x080089ac   0x000000d4   Code   RO         5798    i.gyro_self_test    inv_mpu.o
    0x08008a80   0x08008a80   0x00000268   Code   RO         4911    i.help              bsp_cmd.o
    0x08008ce8   0x08008ce8   0x00000018   Code   RO         4610    i.imu_task          imu_task.o
    0x08008d00   0x08008d00   0x00000168   Code   RO         5739    i.init_vrefint_reciprocal  bsp_vin.o
    0x08008e68   0x08008e68   0x00000048   Code   RO         5214    i.inv_row_2_scale   bsp_imu.o
    0x08008eb0   0x08008eb0   0x0000000c   Code   RO         4639    i.key_task          key_task.o
    0x08008ebc   0x08008ebc   0x000000c4   Code   RO         4666    i.led_task          led_task.o
    0x08008f80   0x08008f80   0x0000004e   Code   RO           16    i.main              main.o
    0x08008fce   0x08008fce   0x0000000c   Code   RO         4075    i.makeFreeRtosPriority  cmsis_os.o
    0x08008fda   0x08008fda   0x00000002   PAD
    0x08008fdc   0x08008fdc   0x0000006c   Code   RO         6884    i.malloc            mc_w.l(malloc.o)
    0x08009048   0x08009048   0x0000018c   Code   RO         4691    i.move_task         move_task.o
    0x080091d4   0x080091d4   0x00000054   Code   RO         5799    i.mpu_configure_fifo  inv_mpu.o
    0x08009228   0x08009228   0x0000003c   Code   RO         5800    i.mpu_get_accel_fsr  inv_mpu.o
    0x08009264   0x08009264   0x00000044   Code   RO         5802    i.mpu_get_accel_sens  inv_mpu.o
    0x080092a8   0x080092a8   0x00000034   Code   RO         5808    i.mpu_get_gyro_fsr  inv_mpu.o
    0x080092dc   0x080092dc   0x00000040   Code   RO         5810    i.mpu_get_gyro_sens  inv_mpu.o
    0x0800931c   0x0800931c   0x00000038   Code   RO         5812    i.mpu_get_lpf       inv_mpu.o
    0x08009354   0x08009354   0x0000001c   Code   RO         5814    i.mpu_get_sample_rate  inv_mpu.o
    0x08009370   0x08009370   0x000001e4   Code   RO         5816    i.mpu_init          inv_mpu.o
    0x08009554   0x08009554   0x000000a0   Code   RO         5817    i.mpu_load_firmware  inv_mpu.o
    0x080095f4   0x080095f4   0x000000b8   Code   RO         5818    i.mpu_lp_accel_mode  inv_mpu.o
    0x080096ac   0x080096ac   0x00000090   Code   RO         5821    i.mpu_read_fifo_stream  inv_mpu.o
    0x0800973c   0x0800973c   0x00000054   Code   RO         5822    i.mpu_read_mem      inv_mpu.o
    0x08009790   0x08009790   0x00000160   Code   RO         5825    i.mpu_reset_fifo    inv_mpu.o
    0x080098f0   0x080098f0   0x000000f0   Code   RO         5826    i.mpu_run_self_test  inv_mpu.o
    0x080099e0   0x080099e0   0x00000068   Code   RO         5828    i.mpu_set_accel_fsr  inv_mpu.o
    0x08009a48   0x08009a48   0x000000dc   Code   RO         5829    i.mpu_set_bypass    inv_mpu.o
    0x08009b24   0x08009b24   0x00000078   Code   RO         5831    i.mpu_set_dmp_state  inv_mpu.o
    0x08009b9c   0x08009b9c   0x0000006c   Code   RO         5832    i.mpu_set_gyro_fsr  inv_mpu.o
    0x08009c08   0x08009c08   0x00000064   Code   RO         5833    i.mpu_set_int_latched  inv_mpu.o
    0x08009c6c   0x08009c6c   0x0000006c   Code   RO         5835    i.mpu_set_lpf       inv_mpu.o
    0x08009cd8   0x08009cd8   0x00000080   Code   RO         5836    i.mpu_set_sample_rate  inv_mpu.o
    0x08009d58   0x08009d58   0x000000b8   Code   RO         5837    i.mpu_set_sensors   inv_mpu.o
    0x08009e10   0x08009e10   0x00000054   Code   RO         5838    i.mpu_write_mem     inv_mpu.o
    0x08009e64   0x08009e64   0x00000002   Code   RO         5839    i.myget_ms          inv_mpu.o
    0x08009e66   0x08009e66   0x0000000e   Code   RO         4077    i.osDelay           cmsis_os.o
    0x08009e74   0x08009e74   0x0000000a   Code   RO         4080    i.osKernelStart     cmsis_os.o
    0x08009e7e   0x08009e7e   0x00000054   Code   RO         4114    i.osThreadCreate    cmsis_os.o
    0x08009ed2   0x08009ed2   0x0000000c   Code   RO         4725    i.other_task        other_task.o
    0x08009ede   0x08009ede   0x00000002   PAD
    0x08009ee0   0x08009ee0   0x00000020   Code   RO         3771    i.pcTaskGetName     tasks.o
    0x08009f00   0x08009f00   0x0000000c   Code   RO         4750    i.pi_task           pi_task.o
    0x08009f0c   0x08009f0c   0x00000070   Code   RO         3772    i.prvAddCurrentTaskToDelayedList  tasks.o
    0x08009f7c   0x08009f7c   0x000000d0   Code   RO         3773    i.prvAddNewTaskToReadyList  tasks.o
    0x0800a04c   0x0800a04c   0x0000006c   Code   RO         3458    i.prvCopyDataToQueue  queue.o
    0x0800a0b8   0x0800a0b8   0x00000034   Code   RO         3774    i.prvDeleteTCB      tasks.o
    0x0800a0ec   0x0800a0ec   0x00000048   Code   RO         4442    i.prvHeapInit       heap_4.o
    0x0800a134   0x0800a134   0x00000060   Code   RO         3775    i.prvIdleTask       tasks.o
    0x0800a194   0x0800a194   0x00000016   Code   RO         3459    i.prvInitialiseMutex  queue.o
    0x0800a1aa   0x0800a1aa   0x00000016   Code   RO         3460    i.prvInitialiseNewQueue  queue.o
    0x0800a1c0   0x0800a1c0   0x0000008e   Code   RO         3776    i.prvInitialiseNewTask  tasks.o
    0x0800a24e   0x0800a24e   0x00000002   PAD
    0x0800a250   0x0800a250   0x0000004c   Code   RO         4443    i.prvInsertBlockIntoFreeList  heap_4.o
    0x0800a29c   0x0800a29c   0x0000001c   Code   RO         3461    i.prvIsQueueEmpty   queue.o
    0x0800a2b8   0x0800a2b8   0x00000020   Code   RO         3777    i.prvResetNextTaskUnblockTime  tasks.o
    0x0800a2d8   0x0800a2d8   0x00000028   Code   RO         4505    i.prvTaskExitError  port.o
    0x0800a300   0x0800a300   0x0000006a   Code   RO         3462    i.prvUnlockQueue    queue.o
    0x0800a36a   0x0800a36a   0x00000002   PAD
    0x0800a36c   0x0800a36c   0x000000d8   Code   RO         4444    i.pvPortMalloc      heap_4.o
    0x0800a444   0x0800a444   0x00000018   Code   RO         3779    i.pvTaskIncrementMutexHeldCount  tasks.o
    0x0800a45c   0x0800a45c   0x00000024   Code   RO         4506    i.pxPortInitialiseStack  port.o
    0x0800a480   0x0800a480   0x0000001c   Code   RO         4912    i.reboot            bsp_cmd.o
    0x0800a49c   0x0800a49c   0x00000080   Code   RO         5215    i.run_self_test     bsp_imu.o
    0x0800a51c   0x0800a51c   0x000000a8   Code   RO         4751    i.send_to_pi        pi_task.o
    0x0800a5c4   0x0800a5c4   0x00000058   Code   RO         5840    i.set_int_enable    inv_mpu.o
    0x0800a61c   0x0800a61c   0x00000090   Code   RO         4913    i.set_pid           bsp_cmd.o
    0x0800a6ac   0x0800a6ac   0x00000178   Code   RO         4914    i.set_speed         bsp_cmd.o
    0x0800a824   0x0800a824   0x00000070   Code   RO         4915    i.show_battery      bsp_cmd.o
    0x0800a894   0x0800a894   0x0000002c   Code   RO         4916    i.show_battery_once  bsp_cmd.o
    0x0800a8c0   0x0800a8c0   0x00000084   Code   RO         4917    i.show_imu          bsp_cmd.o
    0x0800a944   0x0800a944   0x00000078   Code   RO         4918    i.show_send_to_pi   bsp_cmd.o
    0x0800a9bc   0x0800a9bc   0x000000a0   Code   RO         6580    i.sin               m_ws.l(sin.o)
    0x0800aa5c   0x0800aa5c   0x00000046   Code   RO         4919    i.split             bsp_cmd.o
    0x0800aaa2   0x0800aaa2   0x0000004c   Code   RO         6993    i.sqrt              m_ws.l(sqrt.o)
    0x0800aaee   0x0800aaee   0x00000026   Code   RO         3417    i.uxListRemove      list.o
    0x0800ab14   0x0800ab14   0x00000014   Code   RO          292    i.vApplicationGetIdleTaskMemory  freertos.o
    0x0800ab28   0x0800ab28   0x00000016   Code   RO         3418    i.vListInitialise   list.o
    0x0800ab3e   0x0800ab3e   0x00000006   Code   RO         3419    i.vListInitialiseItem  list.o
    0x0800ab44   0x0800ab44   0x00000030   Code   RO         3420    i.vListInsert       list.o
    0x0800ab74   0x0800ab74   0x00000018   Code   RO         3421    i.vListInsertEnd    list.o
    0x0800ab8c   0x0800ab8c   0x00000040   Code   RO         4508    i.vPortEnterCritical  port.o
    0x0800abcc   0x0800abcc   0x00000028   Code   RO         4509    i.vPortExitCritical  port.o
    0x0800abf4   0x0800abf4   0x0000005c   Code   RO         4445    i.vPortFree         heap_4.o
    0x0800ac50   0x0800ac50   0x00000024   Code   RO         4510    i.vPortSetupTimerInterrupt  port.o
    0x0800ac74   0x0800ac74   0x0000004c   Code   RO         3785    i.vTaskDelay        tasks.o
    0x0800acc0   0x0800acc0   0x00000010   Code   RO         3788    i.vTaskInternalSetTimeOutState  tasks.o
    0x0800acd0   0x0800acd0   0x0000000c   Code   RO         3789    i.vTaskMissedYield  tasks.o
    0x0800acdc   0x0800acdc   0x00000030   Code   RO         3791    i.vTaskPlaceOnEventList  tasks.o
    0x0800ad0c   0x0800ad0c   0x000000a8   Code   RO         3793    i.vTaskPriorityDisinheritAfterTimeout  tasks.o
    0x0800adb4   0x0800adb4   0x0000006c   Code   RO         3798    i.vTaskStartScheduler  tasks.o
    0x0800ae20   0x0800ae20   0x00000010   Code   RO         3800    i.vTaskSuspendAll   tasks.o
    0x0800ae30   0x0800ae30   0x0000005c   Code   RO         3801    i.vTaskSwitchContext  tasks.o
    0x0800ae8c   0x0800ae8c   0x00000104   Code   RO         4787    i.vin_task          vin_task.o
    0x0800af90   0x0800af90   0x000000a8   Code   RO         4512    i.xPortStartScheduler  port.o
    0x0800b038   0x0800b038   0x00000016   Code   RO         3469    i.xQueueCreateMutex  queue.o
    0x0800b04e   0x0800b04e   0x00000048   Code   RO         3471    i.xQueueGenericCreate  queue.o
    0x0800b096   0x0800b096   0x00000002   PAD
    0x0800b098   0x0800b098   0x00000088   Code   RO         3473    i.xQueueGenericReset  queue.o
    0x0800b120   0x0800b120   0x00000160   Code   RO         3474    i.xQueueGenericSend  queue.o
    0x0800b280   0x0800b280   0x00000178   Code   RO         3483    i.xQueueSemaphoreTake  queue.o
    0x0800b3f8   0x0800b3f8   0x00000074   Code   RO         3802    i.xTaskCheckForTimeOut  tasks.o
    0x0800b46c   0x0800b46c   0x0000005a   Code   RO         3803    i.xTaskCreate       tasks.o
    0x0800b4c6   0x0800b4c6   0x00000056   Code   RO         3804    i.xTaskCreateStatic  tasks.o
    0x0800b51c   0x0800b51c   0x0000001c   Code   RO         3808    i.xTaskGetSchedulerState  tasks.o
    0x0800b538   0x0800b538   0x000000c8   Code   RO         3811    i.xTaskIncrementTick  tasks.o
    0x0800b600   0x0800b600   0x00000098   Code   RO         3814    i.xTaskPriorityDisinherit  tasks.o
    0x0800b698   0x0800b698   0x00000094   Code   RO         3815    i.xTaskPriorityInherit  tasks.o
    0x0800b72c   0x0800b72c   0x00000074   Code   RO         3816    i.xTaskRemoveFromEventList  tasks.o
    0x0800b7a0   0x0800b7a0   0x000000c4   Code   RO         3817    i.xTaskResumeAll    tasks.o
    0x0800b864   0x0800b864   0x000000fc   Data   RO          296    .constdata          freertos.o
    0x0800b960   0x0800b960   0x00000010   Data   RO         3280    .constdata          system_stm32f1xx.o
    0x0800b970   0x0800b970   0x00000008   Data   RO         3281    .constdata          system_stm32f1xx.o
    0x0800b978   0x0800b978   0x00000009   Data   RO         4788    .constdata          vin_task.o
    0x0800b981   0x0800b981   0x00000045   Data   RO         5078    .constdata          bsp_encoder.o
    0x0800b9c6   0x0800b9c6   0x0000001e   Data   RO         5216    .constdata          bsp_imu.o
    0x0800b9e4   0x0800b9e4   0x00000009   Data   RO         5351    .constdata          bsp_key.o
    0x0800b9ed   0x0800b9ed   0x00000009   Data   RO         5426    .constdata          bsp_led.o
    0x0800b9f6   0x0800b9f6   0x00000012   Data   RO         5452    .constdata          bsp_log.o
    0x0800ba08   0x0800ba08   0x0000001a   Data   RO         5489    .constdata          bsp_motor.o
    0x0800ba22   0x0800ba22   0x0000000d   Data   RO         5677    .constdata          bsp_usart.o
    0x0800ba2f   0x0800ba2f   0x00000021   Data   RO         5742    .constdata          bsp_vin.o
    0x0800ba50   0x0800ba50   0x0000001b   Data   RO         5842    .constdata          inv_mpu.o
    0x0800ba6b   0x0800ba6b   0x00000001   PAD
    0x0800ba6c   0x0800ba6c   0x0000000c   Data   RO         5843    .constdata          inv_mpu.o
    0x0800ba78   0x0800ba78   0x00000028   Data   RO         5844    .constdata          inv_mpu.o
    0x0800baa0   0x0800baa0   0x00000016   Data   RO         5845    .constdata          inv_mpu.o
    0x0800bab6   0x0800bab6   0x00000bf6   Data   RO         6152    .constdata          inv_mpu_dmp_motion_driver.o
    0x0800c6ac   0x0800c6ac   0x000000c6   Data   RO         6393    .constdata          elog.o
    0x0800c772   0x0800c772   0x00000023   Data   RO         6527    .constdata          elog_utils.o
    0x0800c795   0x0800c795   0x00000003   PAD
    0x0800c798   0x0800c798   0x00000050   Data   RO         6551    .constdata          m_ws.l(asin.o)
    0x0800c7e8   0x0800c7e8   0x00000098   Data   RO         6951    .constdata          m_ws.l(atan.o)
    0x0800c880   0x0800c880   0x00000030   Data   RO         6960    .constdata          m_ws.l(cos_i.o)
    0x0800c8b0   0x0800c8b0   0x00000008   Data   RO         6980    .constdata          m_ws.l(qnan.o)
    0x0800c8b8   0x0800c8b8   0x000000c8   Data   RO         6983    .constdata          m_ws.l(rred.o)
    0x0800c980   0x0800c980   0x00000028   Data   RO         6987    .constdata          m_ws.l(sin_i.o)
    0x0800c9a8   0x0800c9a8   0x00000081   Data   RO         7050    .constdata          mc_w.l(ctype_o.o)
    0x0800ca29   0x0800ca29   0x00000003   PAD
    0x0800ca2c   0x0800ca2c   0x00000004   Data   RO         7051    .constdata          mc_w.l(ctype_o.o)
    0x0800ca30   0x0800ca30   0x00000034   Data   RO          297    .conststring        freertos.o
    0x0800ca64   0x0800ca64   0x00000142   Data   RO         4921    .conststring        bsp_cmd.o
    0x0800cba6   0x0800cba6   0x00000002   PAD
    0x0800cba8   0x0800cba8   0x0000004e   Data   RO         5846    .conststring        inv_mpu.o
    0x0800cbf6   0x0800cbf6   0x00000002   PAD
    0x0800cbf8   0x0800cbf8   0x00000017   Data   RO         6394    .conststring        elog.o
    0x0800cc0f   0x0800cc0f   0x00000001   PAD
    0x0800cc10   0x0800cc10   0x00000020   Data   RO         7096    Region$$Table       anon$$obj.o


    Execution Region RW_IRAM1 (Exec base: 0x20000000, Load base: 0x0800cc30, Size: 0x00004010, Max: 0x00010000, ABSOLUTE, COMPRESSED[0x00000054])

    Exec Addr    Load Addr    Size         Type   Attr      Idx    E Section Name        Object

    0x20000000   COMPRESSED   0x00000024   Data   RW          298    .data               freertos.o
    0x20000024   COMPRESSED   0x0000000c   Data   RW          998    .data               stm32f1xx_hal.o
    0x20000030   COMPRESSED   0x00000004   Data   RW         3282    .data               system_stm32f1xx.o
    0x20000034   COMPRESSED   0x0000003c   Data   RW         3820    .data               tasks.o
    0x20000070   COMPRESSED   0x00000018   Data   RW         4450    .data               heap_4.o
    0x20000088   COMPRESSED   0x0000000c   Data   RW         4513    .data               port.o
    0x20000094   COMPRESSED   0x00000020   Data   RW         4692    .data               move_task.o
    0x200000b4   COMPRESSED   0x00000008   Data   RW         4789    .data               vin_task.o
    0x200000bc   COMPRESSED   0x00000008   Data   RW         4922    .data               bsp_cmd.o
    0x200000c4   COMPRESSED   0x00000015   Data   RW         5217    .data               bsp_imu.o
    0x200000d9   COMPRESSED   0x00000003   PAD
    0x200000dc   COMPRESSED   0x00000008   Data   RW         5352    .data               bsp_key.o
    0x200000e4   COMPRESSED   0x00000004   PAD
    0x200000e8   COMPRESSED   0x00000028   Data   RW         5385    .data               bsp_kinematics.o
    0x20000110   COMPRESSED   0x0000000e   Data   RW         5567    .data               bsp_pid.o
    0x2000011e   COMPRESSED   0x00000002   PAD
    0x20000120   COMPRESSED   0x00000016   Data   RW         5679    .data               bsp_usart.o
    0x20000136   COMPRESSED   0x00000002   PAD
    0x20000138   COMPRESSED   0x00000004   Data   RW         5743    .data               bsp_vin.o
    0x2000013c   COMPRESSED   0x0000002c   Data   RW         5847    .data               inv_mpu.o
    0x20000168   COMPRESSED   0x00000004   Data   RW         6308    .data               elog_port.o
    0x2000016c   COMPRESSED   0x0000001c   Data   RW         6395    .data               elog.o
    0x20000188   COMPRESSED   0x00000004   Data   RW         6615    .data               mc_w.l(strtok.o)
    0x2000018c   COMPRESSED   0x00000004   Data   RW         7016    .data               mc_w.l(stdout.o)
    0x20000190   COMPRESSED   0x00000004   Data   RW         7025    .data               mc_w.l(mvars.o)
    0x20000194   COMPRESSED   0x00000004   Data   RW         7026    .data               mc_w.l(mvars.o)
    0x20000198   COMPRESSED   0x00000004   Data   RW         7030    .data               mc_w.l(errno.o)
    0x2000019c        -       0x00000200   Zero   RW          293    .bss                freertos.o
    0x2000039c        -       0x00000054   Zero   RW          294    .bss                freertos.o
    0x200003f0        -       0x00000254   Zero   RW          295    .bss                freertos.o
    0x20000644        -       0x00000060   Zero   RW          346    .bss                adc.o
    0x200006a4        -       0x00000168   Zero   RW          400    .bss                tim.o
    0x2000080c        -       0x00000088   Zero   RW          478    .bss                usart.o
    0x20000894        -       0x00000048   Zero   RW          625    .bss                stm32f1xx_hal_timebase_tim.o
    0x200008dc        -       0x000000f0   Zero   RW         3819    .bss                tasks.o
    0x200009cc        -       0x00002710   Zero   RW         4449    .bss                heap_4.o
    0x200030dc        -       0x00000012   Zero   RW         4611    .bss                imu_task.o
    0x200030ee        -       0x00000030   Zero   RW         4752    .bss                pi_task.o
    0x2000311e        -       0x00000032   Zero   RW         4920    .bss                bsp_cmd.o
    0x20003150        -       0x00000078   Zero   RW         5384    .bss                bsp_kinematics.o
    0x200031c8        -       0x00000030   Zero   RW         5566    .bss                bsp_pid.o
    0x200031f8        -       0x000002fd   Zero   RW         5676    .bss                bsp_usart.o
    0x200034f5   COMPRESSED   0x00000003   PAD
    0x200034f8        -       0x0000000c   Zero   RW         5740    .bss                bsp_vin.o
    0x20003504        -       0x00000010   Zero   RW         6151    .bss                inv_mpu_dmp_motion_driver.o
    0x20003514        -       0x000004f8   Zero   RW         6392    .bss                elog.o
    0x20003a0c   COMPRESSED   0x00000004   PAD
    0x20003a10        -       0x00000200   Zero   RW            2    HEAP                startup_stm32f103xe.o
    0x20003c10        -       0x00000400   Zero   RW            1    STACK               startup_stm32f103xe.o


==============================================================================

Image component sizes


      Code (inc. data)   RO Data    RW Data    ZI Data      Debug   Object Name

       276         36          0          0         96       2218   adc.o
      2326       1208        322          8         50      12848   bsp_cmd.o
       440        222         69          0          0       2325   bsp_encoder.o
       526         68          0          0          0       4778   bsp_iic.o
      1910        458         30         21          0       8581   bsp_imu.o
       252         74          9          8          0        855   bsp_key.o
      1136         76          0         40        120       3325   bsp_kinematics.o
       100         56          9          0          0        467   bsp_led.o
       136         50         18          0          0        902   bsp_log.o
       708        162         26          0          0       3930   bsp_motor.o
       980        854          0          0          0        515   bsp_other.o
       220         14          0         14         48       1093   bsp_pid.o
       742        134         13         22        765       5277   bsp_usart.o
       608        232         33          4         12       3705   bsp_vin.o
        12          0          0          0          0        439   cmd_task.o
       120          0          0          0          0      22277   cmsis_os.o
      1968        726        221         28       1272      15429   elog.o
       102         32          0          4          0       6836   elog_port.o
       244         96         35          0          0       2689   elog_utils.o
         0          0          0          0          0      18148   event_groups.o
       244         14        304         36       1192       3062   freertos.o
       272         20          0          0          0        995   gpio.o
       456         22          0         24      10000       7163   heap_4.o
        24          6          0          0         18        741   imu_task.o
      4606        318        179         44          0      26897   inv_mpu.o
      2382        118       3062          0         16      19538   inv_mpu_dmp_motion_driver.o
        12          0          0          0          0        439   key_task.o
       196         14          0          0          0        547   led_task.o
       138          0          0          0          0       3334   list.o
       224          6          0          0          0     538056   main.o
       396         16          0         32          0       1595   move_task.o
        12          0          0          0          0        449   other_task.o
       180         32          0          0         48       1940   pi_task.o
       578         60          0         12          0      10232   port.o
      1244         14          0          0          0      11517   queue.o
        36          8        304          0       1536        792   startup_stm32f103xe.o
        64         14          0         12          0       5190   stm32f1xx_hal.o
      1264         58          0          0          0       6504   stm32f1xx_hal_adc.o
       158         14          0          0          0      28130   stm32f1xx_hal_cortex.o
       374          8          0          0          0       1803   stm32f1xx_hal_dma.o
       540         42          0          0          0       4088   stm32f1xx_hal_gpio.o
        72         10          0          0          0        850   stm32f1xx_hal_msp.o
      1336        110          0          0          0       5749   stm32f1xx_hal_rcc.o
       448         44          0          0          0       2537   stm32f1xx_hal_rcc_ex.o
      2214         96          0          0          0      17713   stm32f1xx_hal_tim.o
       212         20          0          0          0       3105   stm32f1xx_hal_tim_ex.o
       116         16          0          0         72       1391   stm32f1xx_hal_timebase_tim.o
      1432         10          0          0          0      10380   stm32f1xx_hal_uart.o
        48         18          0          0          0       3799   stm32f1xx_it.o
         0          0          0          0          0        392   stream_buffer.o
         2          0         24          4          0       1083   system_stm32f1xx.o
      2366        176          0         60        240      24527   tasks.o
      1120         96          0          0        360       5822   tim.o
       328         34          0          0        136       2319   usart.o
       260        106          9          8          0        892   vin_task.o

    ----------------------------------------------------------------------
     36220       6018       4708        392      15988     870208   Object Totals
         0          0         32          0          0          0   (incl. Generated)
        60          0          9         11          7          0   (incl. Padding)

    ----------------------------------------------------------------------

      Code (inc. data)   RO Data    RW Data    ZI Data      Debug   Library Member Name

       624         52         80          0          0        168   asin.o
       544         70        152          0          0        124   atan.o
       412         38          0          0          0        144   atan2.o
        42          0          0          0          0         84   atof.o
       156          8          0          0          0        104   cos.o
       252         22         48          0          0        124   cos_i.o
        38          6          0          0          0        272   dunder.o
        40          0          0          0          0         68   fpclassify.o
       170          0          0          0          0         96   poly.o
         0          0          8          0          0          0   qnan.o
       904         76        200          0          0        140   rred.o
       160         10          0          0          0        108   sin.o
       236         12         40          0          0        128   sin_i.o
        76          0          0          0          0         84   sqrt.o
        86          0          0          0          0          0   __dczerorl2.o
        28          0          0          0          0         68   _chval.o
        64          0          0          0          0         84   _sgetc.o
       158          0          0          0          0         92   _strtoul.o
        26          0          0          0          0         80   atoi.o
         8          4        133          0          0         68   ctype_o.o
         0          0          0          0          0          0   entry.o
         0          0          0          0          0          0   entry10a.o
         0          0          0          0          0          0   entry11a.o
         4          0          0          0          0          0   entry12b.o
         8          4          0          0          0          0   entry2.o
         4          0          0          0          0          0   entry5.o
         0          0          0          0          0          0   entry7b.o
         0          0          0          0          0          0   entry8b.o
         8          4          0          0          0          0   entry9a.o
        32         16          0          4          0        204   errno.o
        30          0          0          0          0          0   handlers.o
        36          8          0          0          0         68   init.o
        18          0          0          0          0         76   isspace_o.o
         0          0          0          0          0          0   iusefp.o
        98          0          0          0          0         84   ldiv.o
        30          0          0          0          0         68   llshl.o
        36          0          0          0          0         68   llsshr.o
        32          0          0          0          0         68   llushr.o
       188         20          0          0          0        160   malloc.o
        26          0          0          0          0         80   memcmp.o
        36          0          0          0          0         68   memcpya.o
        36          0          0          0          0        108   memseta.o
         0          0          0          8          0          0   mvars.o
      2344        100          0          0          0        700   printfa.o
       878         12          0          0          0        216   scanf_fp.o
         0          0          0          4          0          0   stdout.o
        28          0          0          0          0         76   strcmp.o
        14          0          0          0          0         68   strlen.o
        30          0          0          0          0         80   strncmp.o
        36          0          0          0          0         80   strstr.o
       156         12          0          0          0        120   strtod.o
        68          6          0          4          0         80   strtok.o
       112          0          0          0          0         88   strtol.o
        44          0          0          0          0         80   uidiv.o
        98          0          0          0          0         92   uldiv.o
        48          0          0          0          0         68   cdcmple.o
        48          0          0          0          0         68   cdrcmple.o
        56          0          0          0          0         88   d2f.o
       334          0          0          0          0        148   dadd.o
       222          0          0          0          0        100   ddiv.o
       186          0          0          0          0        176   depilogue.o
        62          0          0          0          0         80   dfixi.o
        48          0          0          0          0         68   dfixul.o
        34          0          0          0          0         76   dflti.o
        26          0          0          0          0         76   dfltui.o
        24          0          0          0          0         76   dfltul.o
       228          0          0          0          0         96   dmul.o
        46          0          0          0          0         80   dscalb.o
       162          0          0          0          0        100   dsqrt.o
        38          0          0          0          0         68   f2d.o
       176          0          0          0          0        140   fadd.o
       124          0          0          0          0         88   fdiv.o
       110          0          0          0          0        168   fepilogue.o
        50          0          0          0          0         68   ffixi.o
        40          0          0          0          0         68   ffixui.o
        18          0          0          0          0         68   fflti.o
        10          0          0          0          0         68   ffltui.o
       100          0          0          0          0         76   fmul.o
        24          0          0          0          0         68   fscalb.o

    ----------------------------------------------------------------------
     10680        480        664         20          0       6948   Library Totals
        12          0          3          0          0          0   (incl. Padding)

    ----------------------------------------------------------------------

      Code (inc. data)   RO Data    RW Data    ZI Data      Debug   Library Name

      3654        294        528          0          0       1644   m_ws.l
      4800        186        133         20          0       3124   mc_w.l
      2214          0          0          0          0       2180   mf_w.l

    ----------------------------------------------------------------------
     10680        480        664         20          0       6948   Library Totals

    ----------------------------------------------------------------------

==============================================================================


      Code (inc. data)   RO Data    RW Data    ZI Data      Debug   

     46900       6498       5372        412      15988     858460   Grand Totals
     46900       6498       5372         84      15988     858460   ELF Image Totals (compressed)
     46900       6498       5372         84          0          0   ROM Totals

==============================================================================

    Total RO  Size (Code + RO Data)                52272 (  51.05kB)
    Total RW  Size (RW Data + ZI Data)             16400 (  16.02kB)
    Total ROM Size (Code + RO Data + RW Data)      52356 (  51.13kB)

==============================================================================

